Archive member included to satisfy reference by file (symbol)

.\CortexM3\ARM_GCC_541\Debug\ElectronicClock_v1.a(CyLib.o)
                              .\CortexM3\ARM_GCC_541\Debug\Cm3Start.o (CyHalt)
.\CortexM3\ARM_GCC_541\Debug\ElectronicClock_v1.a(cyPm.o)
                              .\CortexM3\ARM_GCC_541\Debug\ElectronicClock_v1.a(CyLib.o) (CyPmReadStatus)
.\CortexM3\ARM_GCC_541\Debug\ElectronicClock_v1.a(ErikaOS_ee_activate.o)
                              .\CortexM3\ARM_GCC_541\Debug\main.o (EE_oo_ActivateTask)
.\CortexM3\ARM_GCC_541\Debug\ElectronicClock_v1.a(ErikaOS_ee_alsetrel.o)
                              .\CortexM3\ARM_GCC_541\Debug\main.o (EE_oo_SetRelAlarm)
.\CortexM3\ARM_GCC_541\Debug\ElectronicClock_v1.a(ErikaOS_ee_altick.o)
                              .\CortexM3\ARM_GCC_541\Debug\ElectronicClock_v1.a(ErikaOS_ee_alsetrel.o) (EE_oo_counter_object_insert)
.\CortexM3\ARM_GCC_541\Debug\ElectronicClock_v1.a(ErikaOS_ee_evclear.o)
                              .\CortexM3\ARM_GCC_541\Debug\tsk_event.o (EE_oo_ClearEvent)
.\CortexM3\ARM_GCC_541\Debug\ElectronicClock_v1.a(ErikaOS_ee_evget.o)
                              .\CortexM3\ARM_GCC_541\Debug\tsk_event.o (EE_oo_GetEvent)
.\CortexM3\ARM_GCC_541\Debug\ElectronicClock_v1.a(ErikaOS_ee_evset.o)
                              .\CortexM3\ARM_GCC_541\Debug\swc_clock.o (EE_oo_SetEvent)
.\CortexM3\ARM_GCC_541\Debug\ElectronicClock_v1.a(ErikaOS_ee_evwait.o)
                              .\CortexM3\ARM_GCC_541\Debug\tsk_event.o (EE_oo_WaitEvent)
.\CortexM3\ARM_GCC_541\Debug\ElectronicClock_v1.a(ErikaOS_ee_irqendin.o)
                              .\CortexM3\ARM_GCC_541\Debug\swc_clock.o (EE_IRQ_end_post_stub)
.\CortexM3\ARM_GCC_541\Debug\ElectronicClock_v1.a(ErikaOS_ee_lookup.o)
                              .\CortexM3\ARM_GCC_541\Debug\ElectronicClock_v1.a(ErikaOS_ee_irqendin.o) (EE_oo_IRQ_disable_count)
.\CortexM3\ARM_GCC_541\Debug\ElectronicClock_v1.a(ErikaOS_ee_rq_exchg.o)
                              .\CortexM3\ARM_GCC_541\Debug\ElectronicClock_v1.a(ErikaOS_ee_activate.o) (EE_rq2stk_exchange)
.\CortexM3\ARM_GCC_541\Debug\ElectronicClock_v1.a(ErikaOS_ee_rq_first.o)
                              .\CortexM3\ARM_GCC_541\Debug\ElectronicClock_v1.a(ErikaOS_ee_activate.o) (EE_rq_queryfirst)
.\CortexM3\ARM_GCC_541\Debug\ElectronicClock_v1.a(ErikaOS_ee_rq_inser.o)
                              .\CortexM3\ARM_GCC_541\Debug\ElectronicClock_v1.a(ErikaOS_ee_activate.o) (EE_rq_insert)
.\CortexM3\ARM_GCC_541\Debug\ElectronicClock_v1.a(ErikaOS_ee_startos.o)
                              .\CortexM3\ARM_GCC_541\Debug\main.o (EE_oo_StartOS)
.\CortexM3\ARM_GCC_541\Debug\ElectronicClock_v1.a(ErikaOS_ee_terminat.o)
                              .\CortexM3\ARM_GCC_541\Debug\main.o (EE_oo_TerminateTask)
.\CortexM3\ARM_GCC_541\Debug\ElectronicClock_v1.a(ErikaOS_cortex_mx_ee_utils.o)
                              .\CortexM3\ARM_GCC_541\Debug\main.o (EE_system_init)
.\CortexM3\ARM_GCC_541\Debug\ElectronicClock_v1.a(ErikaOS_common_ee_hal_structs.o)
                              .\CortexM3\ARM_GCC_541\Debug\ElectronicClock_v1.a(ErikaOS_ee_irqendin.o) (EE_std_endcycle_next_tid)
.\CortexM3\ARM_GCC_541\Debug\ElectronicClock_v1.a(ErikaOS_eecfg.o)
                              .\CortexM3\ARM_GCC_541\Debug\ElectronicClock_v1.a(ErikaOS_ee_startos.o) (EE_oo_autostart_task_data)
.\CortexM3\ARM_GCC_541\Debug\ElectronicClock_v1.a(Pin_ButtonLeft.o)
                              .\CortexM3\ARM_GCC_541\Debug\swc_clock.o (Pin_ButtonLeft_Read)
.\CortexM3\ARM_GCC_541\Debug\ElectronicClock_v1.a(Pin_ButtonRight.o)
                              .\CortexM3\ARM_GCC_541\Debug\swc_clock.o (Pin_ButtonRight_Read)
.\CortexM3\ARM_GCC_541\Debug\ElectronicClock_v1.a(UART_LOG.o)
                              .\CortexM3\ARM_GCC_541\Debug\main.o (UART_LOG_Start)
.\CortexM3\ARM_GCC_541\Debug\ElectronicClock_v1.a(UART_LOG_IntClock.o)
                              .\CortexM3\ARM_GCC_541\Debug\ElectronicClock_v1.a(UART_LOG.o) (UART_LOG_IntClock_Start)
.\CortexM3\ARM_GCC_541\Debug\ElectronicClock_v1.a(TFT_SPI.o)
                              .\CortexM3\ARM_GCC_541\Debug\tft.o (TFT_SPI_WriteTxData)
.\CortexM3\ARM_GCC_541\Debug\ElectronicClock_v1.a(TFT_BackLight.o)
                              .\CortexM3\ARM_GCC_541\Debug\tft.o (TFT_BackLight_WriteCompare)
.\CortexM3\ARM_GCC_541\Debug\ElectronicClock_v1.a(TFT_DC.o)
                              .\CortexM3\ARM_GCC_541\Debug\tft.o (TFT_DC_Write)
.\CortexM3\ARM_GCC_541\Debug\ElectronicClock_v1.a(TFT_RES.o)
                              .\CortexM3\ARM_GCC_541\Debug\tft.o (TFT_RES_Write)
.\CortexM3\ARM_GCC_541\Debug\ElectronicClock_v1.a(TFT_SPI_IntClock.o)
                              .\CortexM3\ARM_GCC_541\Debug\ElectronicClock_v1.a(TFT_SPI.o) (TFT_SPI_IntClock_Start)
.\CortexM3\ARM_GCC_541\Debug\ElectronicClock_v1.a(CyBootAsmGnu.o)
                              .\CortexM3\ARM_GCC_541\Debug\cyfitter_cfg.o (CyDelayCycles)
[...]
Memory Configuration

Name             Origin             Length             Attributes
rom              0x00000000         0x00040000         xr
ram              0x1fff8000         0x00010000         xrw
*default*        0x00000000         0xffffffff

Linker script and memory map

LOAD c:/program files (x86)/cypress/psoc creator/4.4/psoc creator/import/gnu/arm/5.4.1/bin/../lib/gcc/arm-none-eabi/5.4.1/armv7-m/crti.o
LOAD c:/program files (x86)/cypress/psoc creator/4.4/psoc creator/import/gnu/arm/5.4.1/bin/../lib/gcc/arm-none-eabi/5.4.1/armv7-m/crtbegin.o
LOAD c:/program files (x86)/cypress/psoc creator/4.4/psoc creator/import/gnu/arm/5.4.1/bin/../lib/gcc/arm-none-eabi/5.4.1/../../../../arm-none-eabi/lib/armv7-m/crt0.o
START GROUP
LOAD .\CortexM3\ARM_GCC_541\Debug\swc_clock.o
LOAD .\CortexM3\ARM_GCC_541\Debug\tsk_cyclic.o
LOAD .\CortexM3\ARM_GCC_541\Debug\tsk_event.o
LOAD .\CortexM3\ARM_GCC_541\Debug\tsk_system.o
LOAD .\CortexM3\ARM_GCC_541\Debug\main.o
LOAD .\CortexM3\ARM_GCC_541\Debug\statemachine.o
LOAD .\CortexM3\ARM_GCC_541\Debug\logging.o
LOAD .\CortexM3\ARM_GCC_541\Debug\tft.o
LOAD .\CortexM3\ARM_GCC_541\Debug\rte.o
LOAD .\CortexM3\ARM_GCC_541\Debug\sc_clock.o
LOAD .\CortexM3\ARM_GCC_541\Debug\sc_display.o
LOAD .\CortexM3\ARM_GCC_541\Debug\sc_display_type.o
LOAD .\CortexM3\ARM_GCC_541\Debug\sc_event.o
LOAD .\CortexM3\ARM_GCC_541\Debug\sp_common.o
LOAD .\CortexM3\ARM_GCC_541\Debug\cyfitter_cfg.o
LOAD .\CortexM3\ARM_GCC_541\Debug\cymetadata.o
LOAD .\CortexM3\ARM_GCC_541\Debug\Cm3Start.o
LOAD .\CortexM3\ARM_GCC_541\Debug\ElectronicClock_v1.a
LOAD C:\Program Files (x86)\Cypress\PSoC Creator\4.4\PSoC Creator\psoc\content\cycomponentlibrary\CyComponentLibrary.cylib\CortexM3\ARM_GCC_541\Debug\CyComponentLibrary.a
END GROUP
START GROUP
LOAD c:/program files (x86)/cypress/psoc creator/4.4/psoc creator/import/gnu/arm/5.4.1/bin/../lib/gcc/arm-none-eabi/5.4.1/armv7-m\libgcc.a
LOAD c:/program files (x86)/cypress/psoc creator/4.4/psoc creator/import/gnu/arm/5.4.1/bin/../lib/gcc/arm-none-eabi/5.4.1/../../../../arm-none-eabi/lib/armv7-m\libg_nano.a
LOAD c:/program files (x86)/cypress/psoc creator/4.4/psoc creator/import/gnu/arm/5.4.1/bin/../lib/gcc/arm-none-eabi/5.4.1/../../../../arm-none-eabi/lib/armv7-m\libc_nano.a
END GROUP
START GROUP
LOAD c:/program files (x86)/cypress/psoc creator/4.4/psoc creator/import/gnu/arm/5.4.1/bin/../lib/gcc/arm-none-eabi/5.4.1/armv7-m\libgcc.a
LOAD c:/program files (x86)/cypress/psoc creator/4.4/psoc creator/import/gnu/arm/5.4.1/bin/../lib/gcc/arm-none-eabi/5.4.1/../../../../arm-none-eabi/lib/armv7-m\libc_nano.a
END GROUP
LOAD c:/program files (x86)/cypress/psoc creator/4.4/psoc creator/import/gnu/arm/5.4.1/bin/../lib/gcc/arm-none-eabi/5.4.1/armv7-m/crtend.o
LOAD c:/program files (x86)/cypress/psoc creator/4.4/psoc creator/import/gnu/arm/5.4.1/bin/../lib/gcc/arm-none-eabi/5.4.1/armv7-m/crtn.o
START GROUP
LOAD c:/program files (x86)/cypress/psoc creator/4.4/psoc creator/import/gnu/arm/5.4.1/bin/../lib/gcc/arm-none-eabi/5.4.1/armv7-m\libgcc.a
LOAD c:/program files (x86)/cypress/psoc creator/4.4/psoc creator/import/gnu/arm/5.4.1/bin/../lib/gcc/arm-none-eabi/5.4.1/../../../../arm-none-eabi/lib/armv7-m\libc.a
LOAD c:/program files (x86)/cypress/psoc creator/4.4/psoc creator/import/gnu/arm/5.4.1/bin/../lib/gcc/arm-none-eabi/5.4.1/../../../../arm-none-eabi/lib/armv7-m\libnosys.a
END GROUP
                0x00000000                CY_APPL_ORIGIN = 0x0
                0x00000100                CY_FLASH_ROW_SIZE = 0x100
                0x00000020                CY_ECC_ROW_SIZE = 0x20
                0x00000000                CY_EE_IN_BTLDR = 0x0
                0x00000000                CY_APPL_LOADABLE = 0x0
                0x00000800                CY_EE_SIZE = 0x800
                0x00000001                CY_APPL_NUM = 0x1
                0x00000001                CY_APPL_MAX = 0x1
                0x00000040                CY_METADATA_SIZE = 0x40
                0x00000000                CY_APPL_LOADABLE = 0x0
                0x00000000                CY_CHECKSUM_EXCLUDE_SIZE = ALIGN (0x0, CY_FLASH_ROW_SIZE)
                [!provide]                PROVIDE (__cy_heap_start, _end)
                0x00000001                PROVIDE (__cy_region_num, ((__cy_regions_end - __cy_regions) / 0x10))
                0x20008000                PROVIDE (__cy_stack, (ORIGIN (ram) + LENGTH (ram)))
                [!provide]                PROVIDE (__cy_heap_end, (__cy_stack - 0x800))

.cybootloader   0x00000000        0x0
 *(.cybootloader)
                0x00000000                appl1_start = CY_APPL_ORIGIN?CY_APPL_ORIGIN:ALIGN (CY_FLASH_ROW_SIZE)
                0x0001ff00                appl2_start = (appl1_start + ALIGN ((((LENGTH (rom) - appl1_start) - (0x2 * CY_FLASH_ROW_SIZE)) / 0x2), CY_FLASH_ROW_SIZE))
                0x00000000                appl_start = (CY_APPL_NUM == 0x1)?appl1_start:appl2_start
                0x00000000                ecc_offset = ((appl_start / CY_FLASH_ROW_SIZE) * CY_ECC_ROW_SIZE)
                0x00000000                ee_offset = (CY_APPL_LOADABLE && ! (CY_EE_IN_BTLDR))?((CY_EE_SIZE / CY_APPL_MAX) * (CY_APPL_NUM - 0x1)):0x0
                0x00000800                ee_size = (CY_APPL_LOADABLE && ! (CY_EE_IN_BTLDR))?(CY_EE_SIZE / CY_APPL_MAX):CY_EE_SIZE
                [!provide]                PROVIDE (CY_ECC_OFFSET, ecc_offset)

.text           0x00000000     0x3368
 CREATE_OBJECT_SYMBOLS
                0x00000000                PROVIDE (__cy_interrupt_vector, RomVectors)
 *(.romvectors)
 .romvectors    0x00000000       0x10 .\CortexM3\ARM_GCC_541\Debug\Cm3Start.o
                0x00000000                RomVectors
                0x00000001                ASSERT ((. != __cy_interrupt_vector), No interrupt vector)
                0x00000001                ASSERT (CY_APPL_ORIGIN?(SIZEOF (.cybootloader) <= CY_APPL_ORIGIN):0x1, Wrong image location)
                0x00000010                PROVIDE (__cy_reset, Reset)
 *(.text.Reset)
 .text.Reset    0x00000010       0x18 .\CortexM3\ARM_GCC_541\Debug\Cm3Start.o
                0x00000010                Reset
                0x00000001                ASSERT ((. != __cy_reset), No reset code)
 *(.dma_init)
                0x00000001                ASSERT ((((appl_start + .) <= 0x10000) || 0x1), DMA Init must be within the first 64k of flash)
 *(.text .text.* .gnu.linkonce.t.*)
 .text          0x00000028       0x5c c:/program files (x86)/cypress/psoc creator/4.4/psoc creator/import/gnu/arm/5.4.1/bin/../lib/gcc/arm-none-eabi/5.4.1/armv7-m/crtbegin.o
 .text.CLOCK__increment1Minute
                0x00000084       0xb8 .\CortexM3\ARM_GCC_541\Debug\swc_clock.o
 .text.CLOCK__dispatch_wrapper
                0x0000013c      0x1f4 .\CortexM3\ARM_GCC_541\Debug\swc_clock.o
 .text.CLOCK__dispatch_250MS_Min
                0x00000330       0x18 .\CortexM3\ARM_GCC_541\Debug\swc_clock.o
 .text.CLOCK__dispatch_KRLP_Min
                0x00000348       0x18 .\CortexM3\ARM_GCC_541\Debug\swc_clock.o
 .text.CLOCK__dispatch_KR_Min
                0x00000360       0x18 .\CortexM3\ARM_GCC_541\Debug\swc_clock.o
 .text.CLOCK__dispatch_KL_Min
                0x00000378       0x18 .\CortexM3\ARM_GCC_541\Debug\swc_clock.o
 .text.CLOCK__dispatch_250MS_Hours
                0x00000390       0x18 .\CortexM3\ARM_GCC_541\Debug\swc_clock.o
 .text.CLOCK__dispatch_KRLP_Hours
                0x000003a8       0x18 .\CortexM3\ARM_GCC_541\Debug\swc_clock.o
 .text.CLOCK__dispatch_KR_Hours
                0x000003c0       0x18 .\CortexM3\ARM_GCC_541\Debug\swc_clock.o
 .text.CLOCK__dispatch_KL_HoursMin
                0x000003d8       0x20 .\CortexM3\ARM_GCC_541\Debug\swc_clock.o
 .text.CLOCK__dispatch_KL_Hours
                0x000003f8       0x18 .\CortexM3\ARM_GCC_541\Debug\swc_clock.o
 .text.CLOCK__setEditFonts
                0x00000410       0x98 .\CortexM3\ARM_GCC_541\Debug\swc_clock.o
 .text.CLOCK__setDisplayFonts
                0x000004a8       0x40 .\CortexM3\ARM_GCC_541\Debug\swc_clock.o
 .text.CLOCK__incrementWidget
                0x000004e8       0xd8 .\CortexM3\ARM_GCC_541\Debug\swc_clock.o
 .text.CLOCK_input_run
                0x000005c0      0x128 .\CortexM3\ARM_GCC_541\Debug\swc_clock.o
                0x000005c0                CLOCK_input_run
 .text.CLOCK_control_run
                0x000006e8       0x58 .\CortexM3\ARM_GCC_541\Debug\swc_clock.o
                0x000006e8                CLOCK_control_run
 .text.CLOCK_display_run
                0x00000740       0xa0 .\CortexM3\ARM_GCC_541\Debug\swc_clock.o
                0x00000740                CLOCK_display_run
 .text.ISR2_isr_button
                0x000007e0       0x60 .\CortexM3\ARM_GCC_541\Debug\swc_clock.o
                0x000007e0                ISR2_isr_button
 .text.isr_button
                0x00000840       0x98 .\CortexM3\ARM_GCC_541\Debug\swc_clock.o
                0x00000840                isr_button
 .text.Functsk_cyclic
                0x000008d8       0x28 .\CortexM3\ARM_GCC_541\Debug\tsk_cyclic.o
                0x000008d8                Functsk_cyclic
 .text.Functsk_event
                0x00000900       0x2c .\CortexM3\ARM_GCC_541\Debug\tsk_event.o
                0x00000900                Functsk_event
 .text.Functsk_system
                0x0000092c        0xc .\CortexM3\ARM_GCC_541\Debug\tsk_system.o
                0x0000092c                Functsk_system
 .text.ISR2_systick_handler
                0x00000938        0xc .\CortexM3\ARM_GCC_541\Debug\main.o
                0x00000938                ISR2_systick_handler
 .text.systick_handler
                0x00000944       0x98 .\CortexM3\ARM_GCC_541\Debug\main.o
                0x00000944                systick_handler
 .text.main     0x000009dc       0x5c .\CortexM3\ARM_GCC_541\Debug\main.o
                0x000009dc                main
 .text.Functsk_init
                0x00000a38       0x3c .\CortexM3\ARM_GCC_541\Debug\main.o
                0x00000a38                Functsk_init
 .text.Functsk_background
                0x00000a74        0x4 .\CortexM3\ARM_GCC_541\Debug\main.o
                0x00000a74                Functsk_background
 .text.STATE__getIndexCurrentState
                0x00000a78       0x28 .\CortexM3\ARM_GCC_541\Debug\statemachine.o
                0x00000a78                STATE__getIndexCurrentState
 .text.STATE_processEvent
                0x00000aa0      0x1dc .\CortexM3\ARM_GCC_541\Debug\statemachine.o
                0x00000aa0                STATE_processEvent
 .text.LOG_send
                0x00000c7c       0x2c .\CortexM3\ARM_GCC_541\Debug\logging.o
                0x00000c7c                LOG_send
 .text.__TFT_SPI_TX_ISR
                0x00000ca8       0x58 .\CortexM3\ARM_GCC_541\Debug\tft.o
                0x00000ca8                __TFT_SPI_TX_ISR
 .text.TFT_send
                0x00000d00       0x84 .\CortexM3\ARM_GCC_541\Debug\tft.o
 .text.setAddrWindow
                0x00000d84       0x88 .\CortexM3\ARM_GCC_541\Debug\tft.o
 .text.TFT_setBacklight
                0x00000e0c       0x10 .\CortexM3\ARM_GCC_541\Debug\tft.o
                0x00000e0c                TFT_setBacklight
 .text.TFT_setRotation
                0x00000e1c       0xc0 .\CortexM3\ARM_GCC_541\Debug\tft.o
                0x00000e1c                TFT_setRotation
 .text.TFT_setCursor
                0x00000edc       0x10 .\CortexM3\ARM_GCC_541\Debug\tft.o
                0x00000edc                TFT_setCursor
 .text.TFT_setTextSize
                0x00000eec       0x10 .\CortexM3\ARM_GCC_541\Debug\tft.o
                0x00000eec                TFT_setTextSize
 .text.TFT_fillRect
                0x00000efc       0x8c .\CortexM3\ARM_GCC_541\Debug\tft.o
                0x00000efc                TFT_fillRect
 .text.TFT_fillScreen
                0x00000f88       0x24 .\CortexM3\ARM_GCC_541\Debug\tft.o
                0x00000f88                TFT_fillScreen
 .text.TFT_init
                0x00000fac       0xe4 .\CortexM3\ARM_GCC_541\Debug\tft.o
                0x00000fac                TFT_init
 .text.TFT_drawPixel
                0x00001090       0x50 .\CortexM3\ARM_GCC_541\Debug\tft.o
                0x00001090                TFT_drawPixel
 .text.TFT_fastVLine
                0x000010e0       0x64 .\CortexM3\ARM_GCC_541\Debug\tft.o
                0x000010e0                TFT_fastVLine
 .text.TFT_drawChar
                0x00001144      0x21c .\CortexM3\ARM_GCC_541\Debug\tft.o
                0x00001144                TFT_drawChar
 .text.TFT_write
                0x00001360      0x144 .\CortexM3\ARM_GCC_541\Debug\tft.o
                0x00001360                TFT_write
 .text.TFT_print
                0x000014a4       0x14 .\CortexM3\ARM_GCC_541\Debug\tft.o
                0x000014a4                TFT_print
 .text.RTE_ProcessCyclicTable
                0x000014b8       0x30 .\CortexM3\ARM_GCC_541\Debug\rte.o
                0x000014b8                RTE_ProcessCyclicTable
 .text.RTE_ProcessEventTable
                0x000014e8       0x28 .\CortexM3\ARM_GCC_541\Debug\rte.o
                0x000014e8                RTE_ProcessEventTable
 .text.SC_DISPLAY_driverOut
                0x00001510       0x74 .\CortexM3\ARM_GCC_541\Debug\sc_display_type.o
                0x00001510                SC_DISPLAY_driverOut
 .text.RTE_timertick_sp_common_tick
                0x00001584       0x38 .\CortexM3\ARM_GCC_541\Debug\sp_common.o
                0x00001584                RTE_timertick_sp_common_tick
 .text.CyClockStartupError
                0x000015bc        0x4 .\CortexM3\ARM_GCC_541\Debug\cyfitter_cfg.o
 .text.cfg_write_bytes32
                0x000015c0       0x34 .\CortexM3\ARM_GCC_541\Debug\cyfitter_cfg.o
 .text.AnalogSetDefault
                0x000015f4       0x28 .\CortexM3\ARM_GCC_541\Debug\cyfitter_cfg.o
 .text.CYMEMZERO
                0x0000161c        0xc .\CortexM3\ARM_GCC_541\Debug\cyfitter_cfg.o
 .text.ClockSetup
                0x00001628       0xd0 .\CortexM3\ARM_GCC_541\Debug\cyfitter_cfg.o
 .text.CYCONFIGCPY
                0x000016f8        0x8 .\CortexM3\ARM_GCC_541\Debug\cyfitter_cfg.o
 .text.cyfitter_cfg
                0x00001700      0x124 .\CortexM3\ARM_GCC_541\Debug\cyfitter_cfg.o
                0x00001700                cyfitter_cfg
 .text.IntDefaultHandler
                0x00001824       0x10 .\CortexM3\ARM_GCC_541\Debug\Cm3Start.o
                0x00001824                IntDefaultHandler
 .text._sbrk    0x00001834       0x30 .\CortexM3\ARM_GCC_541\Debug\Cm3Start.o
                0x00001834                _sbrk
 .text.Start_c  0x00001864       0x4c .\CortexM3\ARM_GCC_541\Debug\Cm3Start.o
                0x00001864                Start_c
 .text.initialize_psoc
                0x000018b0       0x68 .\CortexM3\ARM_GCC_541\Debug\Cm3Start.o
                0x000018b0                initialize_psoc
 .text.CyHalt   0x00001918        0x4 .\CortexM3\ARM_GCC_541\Debug\ElectronicClock_v1.a(CyLib.o)
                0x00001918                CyHalt
 .text.CyDelay  0x0000191c       0x2c .\CortexM3\ARM_GCC_541\Debug\ElectronicClock_v1.a(CyLib.o)
                0x0000191c                CyDelay
 .text.CyIntSetPriority
                0x00001948       0x30 .\CortexM3\ARM_GCC_541\Debug\ElectronicClock_v1.a(CyLib.o)
                0x00001948                CyIntSetPriority
 .text.EE_oo_ActivateTask
                0x00001978       0xe8 .\CortexM3\ARM_GCC_541\Debug\ElectronicClock_v1.a(ErikaOS_ee_activate.o)
                0x00001978                EE_oo_ActivateTask
 .text.EE_oo_SetRelAlarm
                0x00001a60       0x80 .\CortexM3\ARM_GCC_541\Debug\ElectronicClock_v1.a(ErikaOS_ee_alsetrel.o)
                0x00001a60                EE_oo_SetRelAlarm
 .text.EE_oo_handle_action_callback
                0x00001ae0        0xc .\CortexM3\ARM_GCC_541\Debug\ElectronicClock_v1.a(ErikaOS_ee_altick.o)
 .text.EE_oo_handle_action_task
                0x00001aec       0x4c .\CortexM3\ARM_GCC_541\Debug\ElectronicClock_v1.a(ErikaOS_ee_altick.o)
 .text.EE_oo_handle_action_event
                0x00001b38       0x60 .\CortexM3\ARM_GCC_541\Debug\ElectronicClock_v1.a(ErikaOS_ee_altick.o)
 .text.EE_oo_handle_action
                0x00001b98       0x28 .\CortexM3\ARM_GCC_541\Debug\ElectronicClock_v1.a(ErikaOS_ee_altick.o)
 .text.EE_oo_counter_object_insert
                0x00001bc0       0x9c .\CortexM3\ARM_GCC_541\Debug\ElectronicClock_v1.a(ErikaOS_ee_altick.o)
                0x00001bc0                EE_oo_counter_object_insert
 .text.EE_oo_IncrementCounterImplementation
                0x00001c5c      0x100 .\CortexM3\ARM_GCC_541\Debug\ElectronicClock_v1.a(ErikaOS_ee_altick.o)
                0x00001c5c                EE_oo_IncrementCounterImplementation
 .text.EE_oo_IncrementCounter
                0x00001d5c       0xb0 .\CortexM3\ARM_GCC_541\Debug\ElectronicClock_v1.a(ErikaOS_ee_altick.o)
                0x00001d5c                EE_oo_IncrementCounter
 .text.EE_oo_ClearEvent
                0x00001e0c       0x5c .\CortexM3\ARM_GCC_541\Debug\ElectronicClock_v1.a(ErikaOS_ee_evclear.o)
                0x00001e0c                EE_oo_ClearEvent
 .text.EE_oo_GetEvent
                0x00001e68       0x40 .\CortexM3\ARM_GCC_541\Debug\ElectronicClock_v1.a(ErikaOS_ee_evget.o)
                0x00001e68                EE_oo_GetEvent
 .text.EE_oo_SetEvent
                0x00001ea8      0x100 .\CortexM3\ARM_GCC_541\Debug\ElectronicClock_v1.a(ErikaOS_ee_evset.o)
                0x00001ea8                EE_oo_SetEvent
 .text.EE_oo_WaitEvent
                0x00001fa8      0x110 .\CortexM3\ARM_GCC_541\Debug\ElectronicClock_v1.a(ErikaOS_ee_evwait.o)
                0x00001fa8                EE_oo_WaitEvent
 .text.EE_IRQ_run_next_task
                0x000020b8       0x30 .\CortexM3\ARM_GCC_541\Debug\ElectronicClock_v1.a(ErikaOS_ee_irqendin.o)
 .text.EE_IRQ_end_instance
                0x000020e8       0x68 .\CortexM3\ARM_GCC_541\Debug\ElectronicClock_v1.a(ErikaOS_ee_irqendin.o)
                0x000020e8                EE_IRQ_end_instance
 .text.EE_IRQ_end_post_stub
                0x00002150       0x14 .\CortexM3\ARM_GCC_541\Debug\ElectronicClock_v1.a(ErikaOS_ee_irqendin.o)
                0x00002150                EE_IRQ_end_post_stub
 .text.EE_rq2stk_exchange
                0x00002164       0x88 .\CortexM3\ARM_GCC_541\Debug\ElectronicClock_v1.a(ErikaOS_ee_rq_exchg.o)
                0x00002164                EE_rq2stk_exchange
 .text.EE_rq_queryfirst
                0x000021ec       0x44 .\CortexM3\ARM_GCC_541\Debug\ElectronicClock_v1.a(ErikaOS_ee_rq_first.o)
                0x000021ec                EE_rq_queryfirst
 .text.EE_rq_insert
                0x00002230       0x74 .\CortexM3\ARM_GCC_541\Debug\ElectronicClock_v1.a(ErikaOS_ee_rq_inser.o)
                0x00002230                EE_rq_insert
 .text.compute_task_tid
                0x000022a4       0x10 .\CortexM3\ARM_GCC_541\Debug\ElectronicClock_v1.a(ErikaOS_ee_startos.o)
 .text.EE_oo_start_os
                0x000022b4        0xc .\CortexM3\ARM_GCC_541\Debug\ElectronicClock_v1.a(ErikaOS_ee_startos.o)
 .text.EE_oo_autostart_tasks
                0x000022c0       0x60 .\CortexM3\ARM_GCC_541\Debug\ElectronicClock_v1.a(ErikaOS_ee_startos.o)
 .text.EE_oo_autostart_os
                0x00002320        0xc .\CortexM3\ARM_GCC_541\Debug\ElectronicClock_v1.a(ErikaOS_ee_startos.o)
 .text.EE_oo_StartOS
                0x0000232c       0x8c .\CortexM3\ARM_GCC_541\Debug\ElectronicClock_v1.a(ErikaOS_ee_startos.o)
                0x0000232c                EE_oo_StartOS
 .text.EE_oo_TerminateTask
                0x000023b8       0x3c .\CortexM3\ARM_GCC_541\Debug\ElectronicClock_v1.a(ErikaOS_ee_terminat.o)
                0x000023b8                EE_oo_TerminateTask
 .text.EE_system_init
                0x000023f4       0x48 .\CortexM3\ARM_GCC_541\Debug\ElectronicClock_v1.a(ErikaOS_cortex_mx_ee_utils.o)
                0x000023f4                EE_system_init
 .text.Pin_ButtonLeft_Read
                0x0000243c       0x10 .\CortexM3\ARM_GCC_541\Debug\ElectronicClock_v1.a(Pin_ButtonLeft.o)
                0x0000243c                Pin_ButtonLeft_Read
 .text.Pin_ButtonRight_Read
                0x0000244c       0x10 .\CortexM3\ARM_GCC_541\Debug\ElectronicClock_v1.a(Pin_ButtonRight.o)
                0x0000244c                Pin_ButtonRight_Read
 .text.UART_LOG_Init
                0x0000245c       0x28 .\CortexM3\ARM_GCC_541\Debug\ElectronicClock_v1.a(UART_LOG.o)
                0x0000245c                UART_LOG_Init
 .text.UART_LOG_Enable
                0x00002484       0x38 .\CortexM3\ARM_GCC_541\Debug\ElectronicClock_v1.a(UART_LOG.o)
                0x00002484                UART_LOG_Enable
 .text.UART_LOG_Start
                0x000024bc       0x1c .\CortexM3\ARM_GCC_541\Debug\ElectronicClock_v1.a(UART_LOG.o)
                0x000024bc                UART_LOG_Start
 .text.UART_LOG_PutChar
                0x000024d8       0x18 .\CortexM3\ARM_GCC_541\Debug\ElectronicClock_v1.a(UART_LOG.o)
                0x000024d8                UART_LOG_PutChar
 .text.UART_LOG_PutString
                0x000024f0       0x24 .\CortexM3\ARM_GCC_541\Debug\ElectronicClock_v1.a(UART_LOG.o)
                0x000024f0                UART_LOG_PutString
 .text.UART_LOG_IntClock_Start
                0x00002514       0x1c .\CortexM3\ARM_GCC_541\Debug\ElectronicClock_v1.a(UART_LOG_IntClock.o)
                0x00002514                UART_LOG_IntClock_Start
 .text.TFT_SPI_Enable
                0x00002530       0x34 .\CortexM3\ARM_GCC_541\Debug\ElectronicClock_v1.a(TFT_SPI.o)
                0x00002530                TFT_SPI_Enable
 .text.TFT_SPI_ReadTxStatus
                0x00002564        0xc .\CortexM3\ARM_GCC_541\Debug\ElectronicClock_v1.a(TFT_SPI.o)
                0x00002564                TFT_SPI_ReadTxStatus
 .text.TFT_SPI_ReadRxStatus
                0x00002570        0xc .\CortexM3\ARM_GCC_541\Debug\ElectronicClock_v1.a(TFT_SPI.o)
                0x00002570                TFT_SPI_ReadRxStatus
 .text.TFT_SPI_WriteTxData
                0x0000257c       0x18 .\CortexM3\ARM_GCC_541\Debug\ElectronicClock_v1.a(TFT_SPI.o)
                0x0000257c                TFT_SPI_WriteTxData
 .text.TFT_SPI_ClearFIFO
                0x00002594       0x3c .\CortexM3\ARM_GCC_541\Debug\ElectronicClock_v1.a(TFT_SPI.o)
                0x00002594                TFT_SPI_ClearFIFO
 .text.TFT_SPI_Init
                0x000025d0       0x2c .\CortexM3\ARM_GCC_541\Debug\ElectronicClock_v1.a(TFT_SPI.o)
                0x000025d0                TFT_SPI_Init
 .text.TFT_SPI_Start
                0x000025fc       0x1c .\CortexM3\ARM_GCC_541\Debug\ElectronicClock_v1.a(TFT_SPI.o)
                0x000025fc                TFT_SPI_Start
 .text.TFT_BackLight_Enable
                0x00002618       0x10 .\CortexM3\ARM_GCC_541\Debug\ElectronicClock_v1.a(TFT_BackLight.o)
                0x00002618                TFT_BackLight_Enable
 .text.TFT_BackLight_WriteCounter
                0x00002628        0xc .\CortexM3\ARM_GCC_541\Debug\ElectronicClock_v1.a(TFT_BackLight.o)
                0x00002628                TFT_BackLight_WriteCounter
 .text.TFT_BackLight_WritePeriod
                0x00002634        0xc .\CortexM3\ARM_GCC_541\Debug\ElectronicClock_v1.a(TFT_BackLight.o)
                0x00002634                TFT_BackLight_WritePeriod
 .text.TFT_BackLight_WriteCompare
                0x00002640        0xc .\CortexM3\ARM_GCC_541\Debug\ElectronicClock_v1.a(TFT_BackLight.o)
                0x00002640                TFT_BackLight_WriteCompare
 .text.TFT_BackLight_SetInterruptMode
                0x0000264c        0xc .\CortexM3\ARM_GCC_541\Debug\ElectronicClock_v1.a(TFT_BackLight.o)
                0x0000264c                TFT_BackLight_SetInterruptMode
 .text.TFT_BackLight_ReadStatusRegister
                0x00002658        0xc .\CortexM3\ARM_GCC_541\Debug\ElectronicClock_v1.a(TFT_BackLight.o)
                0x00002658                TFT_BackLight_ReadStatusRegister
 .text.TFT_BackLight_ReadCapture
                0x00002664        0xc .\CortexM3\ARM_GCC_541\Debug\ElectronicClock_v1.a(TFT_BackLight.o)
                0x00002664                TFT_BackLight_ReadCapture
 .text.TFT_BackLight_ClearFIFO
                0x00002670       0x14 .\CortexM3\ARM_GCC_541\Debug\ElectronicClock_v1.a(TFT_BackLight.o)
                0x00002670                TFT_BackLight_ClearFIFO
 .text.TFT_BackLight_Init
                0x00002684       0x50 .\CortexM3\ARM_GCC_541\Debug\ElectronicClock_v1.a(TFT_BackLight.o)
                0x00002684                TFT_BackLight_Init
 .text.TFT_BackLight_Start
                0x000026d4       0x1c .\CortexM3\ARM_GCC_541\Debug\ElectronicClock_v1.a(TFT_BackLight.o)
                0x000026d4                TFT_BackLight_Start
 .text.TFT_DC_Write
                0x000026f0       0x18 .\CortexM3\ARM_GCC_541\Debug\ElectronicClock_v1.a(TFT_DC.o)
                0x000026f0                TFT_DC_Write
 .text.TFT_RES_Write
                0x00002708       0x18 .\CortexM3\ARM_GCC_541\Debug\ElectronicClock_v1.a(TFT_RES.o)
                0x00002708                TFT_RES_Write
 .text.TFT_SPI_IntClock_Start
                0x00002720       0x1c .\CortexM3\ARM_GCC_541\Debug\ElectronicClock_v1.a(TFT_SPI_IntClock.o)
                0x00002720                TFT_SPI_IntClock_Start
 *fill*         0x0000273c        0x4 
 .text          0x00002740       0x20 .\CortexM3\ARM_GCC_541\Debug\ElectronicClock_v1.a(CyBootAsmGnu.o)
                0x00002740                CyDelayCycles
                0x00002750                CyEnterCriticalSection
                0x00002758                CyExitCriticalSection
 .text          0x00002760       0x7c .\CortexM3\ARM_GCC_541\Debug\ElectronicClock_v1.a(ErikaOS_ee_gnu_change_context_isr.o)
                0x00002760                EE_set_switch_context_pri
                0x0000277a                EE_switch_context
                0x00002784                EE_cortex_mx_pendsv_ISR
                0x000027c0                EE_cortex_mx_svc_ISR
 .text          0x000027dc       0x24 .\CortexM3\ARM_GCC_541\Debug\ElectronicClock_v1.a(ErikaOS_ee_gnu_irq_stack.o)
                0x000027dc                EE_cortex_mx_change_IRQ_stack
                0x000027ee                EE_cortex_mx_change_IRQ_stack_back
 .text          0x00002800       0x68 .\CortexM3\ARM_GCC_541\Debug\ElectronicClock_v1.a(ErikaOS_ee_gnu_multi_context.o)
                0x00002800                EE_cortex_mx_change_context
 .text          0x00002868       0x80 .\CortexM3\ARM_GCC_541\Debug\ElectronicClock_v1.a(ErikaOS_ee_gnu_oo.o)
                0x00002868                EE_hal_terminate_savestk
                0x000028b2                EE_hal_terminate_task
 .text.EE_thread_not_terminated
                0x000028e8       0x10 .\CortexM3\ARM_GCC_541\Debug\ElectronicClock_v1.a(ErikaOS_ee_tnterm.o)
                0x000028e8                EE_thread_not_terminated
 .text.EE_oo_thread_stub
                0x000028f8       0x10 .\CortexM3\ARM_GCC_541\Debug\ElectronicClock_v1.a(ErikaOS_ee_tstub.o)
                0x000028f8                EE_oo_thread_stub
 .text.EE_std_run_task_code
                0x00002908       0x18 .\CortexM3\ARM_GCC_541\Debug\ElectronicClock_v1.a(ErikaOS_cortex_mx_ee_context.o)
                0x00002908                EE_std_run_task_code
 .text.EE_std_need_context_change
                0x00002920       0x28 .\CortexM3\ARM_GCC_541\Debug\ElectronicClock_v1.a(ErikaOS_cortex_mx_ee_context.o)
                0x00002920                EE_std_need_context_change
 .text.EE_thread_rnact_max
                0x00002948       0x20 .\CortexM3\ARM_GCC_541\Debug\ElectronicClock_v1.a(ErikaOS_ee_thendin.o)
 .text.EE_thread_endcycle_next
                0x00002968       0x30 .\CortexM3\ARM_GCC_541\Debug\ElectronicClock_v1.a(ErikaOS_ee_thendin.o)
 .text.EE_thread_end_instance
                0x00002998      0x108 .\CortexM3\ARM_GCC_541\Debug\ElectronicClock_v1.a(ErikaOS_ee_thendin.o)
                0x00002998                EE_thread_end_instance
 .text.__errno  0x00002aa0        0xc c:/program files (x86)/cypress/psoc creator/4.4/psoc creator/import/gnu/arm/5.4.1/bin/../lib/gcc/arm-none-eabi/5.4.1/../../../../arm-none-eabi/lib/armv7-m\libg_nano.a(lib_a-errno.o)
                0x00002aa0                __errno
 .text.__libc_init_array
                0x00002aac       0x4c c:/program files (x86)/cypress/psoc creator/4.4/psoc creator/import/gnu/arm/5.4.1/bin/../lib/gcc/arm-none-eabi/5.4.1/../../../../arm-none-eabi/lib/armv7-m\libg_nano.a(lib_a-init.o)
                0x00002aac                __libc_init_array
 .text.memcpy   0x00002af8       0x16 c:/program files (x86)/cypress/psoc creator/4.4/psoc creator/import/gnu/arm/5.4.1/bin/../lib/gcc/arm-none-eabi/5.4.1/../../../../arm-none-eabi/lib/armv7-m\libg_nano.a(lib_a-memcpy-stub.o)
                0x00002af8                memcpy
 .text.memset   0x00002b0e       0x10 c:/program files (x86)/cypress/psoc creator/4.4/psoc creator/import/gnu/arm/5.4.1/bin/../lib/gcc/arm-none-eabi/5.4.1/../../../../arm-none-eabi/lib/armv7-m\libg_nano.a(lib_a-memset.o)
                0x00002b0e                memset
 *fill*         0x00002b1e        0x2 
 .text.sprintf  0x00002b20       0x48 c:/program files (x86)/cypress/psoc creator/4.4/psoc creator/import/gnu/arm/5.4.1/bin/../lib/gcc/arm-none-eabi/5.4.1/../../../../arm-none-eabi/lib/armv7-m\libg_nano.a(lib_a-sprintf.o)
                0x00002b20                siprintf
                0x00002b20                sprintf
 .text.__ssputs_r
                0x00002b68       0xb2 c:/program files (x86)/cypress/psoc creator/4.4/psoc creator/import/gnu/arm/5.4.1/bin/../lib/gcc/arm-none-eabi/5.4.1/../../../../arm-none-eabi/lib/armv7-m\libg_nano.a(lib_a-nano-svfprintf.o)
                0x00002b68                __ssputs_r
 *fill*         0x00002c1a        0x2 
 .text._svfprintf_r
                0x00002c1c      0x1e8 c:/program files (x86)/cypress/psoc creator/4.4/psoc creator/import/gnu/arm/5.4.1/bin/../lib/gcc/arm-none-eabi/5.4.1/../../../../arm-none-eabi/lib/armv7-m\libg_nano.a(lib_a-nano-svfprintf.o)
                0x00002c1c                _svfiprintf_r
                0x00002c1c                _svfprintf_r
 .text._printf_common
                0x00002e04       0xec c:/program files (x86)/cypress/psoc creator/4.4/psoc creator/import/gnu/arm/5.4.1/bin/../lib/gcc/arm-none-eabi/5.4.1/../../../../arm-none-eabi/lib/armv7-m\libg_nano.a(lib_a-nano-vfprintf_i.o)
                0x00002e04                _printf_common
 .text._printf_i
                0x00002ef0      0x24c c:/program files (x86)/cypress/psoc creator/4.4/psoc creator/import/gnu/arm/5.4.1/bin/../lib/gcc/arm-none-eabi/5.4.1/../../../../arm-none-eabi/lib/armv7-m\libg_nano.a(lib_a-nano-vfprintf_i.o)
                0x00002ef0                _printf_i
 .text.memchr   0x0000313c       0x1c c:/program files (x86)/cypress/psoc creator/4.4/psoc creator/import/gnu/arm/5.4.1/bin/../lib/gcc/arm-none-eabi/5.4.1/../../../../arm-none-eabi/lib/armv7-m\libg_nano.a(lib_a-memchr-stub.o)
                0x0000313c                memchr
 .text.memmove  0x00003158       0x36 c:/program files (x86)/cypress/psoc creator/4.4/psoc creator/import/gnu/arm/5.4.1/bin/../lib/gcc/arm-none-eabi/5.4.1/../../../../arm-none-eabi/lib/armv7-m\libg_nano.a(lib_a-memmove.o)
                0x00003158                memmove
 *fill*         0x0000318e        0x2 
 .text._free_r  0x00003190       0x98 c:/program files (x86)/cypress/psoc creator/4.4/psoc creator/import/gnu/arm/5.4.1/bin/../lib/gcc/arm-none-eabi/5.4.1/../../../../arm-none-eabi/lib/armv7-m\libg_nano.a(lib_a-nano-freer.o)
                0x00003190                _free_r
 .text._malloc_r
                0x00003228       0xbc c:/program files (x86)/cypress/psoc creator/4.4/psoc creator/import/gnu/arm/5.4.1/bin/../lib/gcc/arm-none-eabi/5.4.1/../../../../arm-none-eabi/lib/armv7-m\libg_nano.a(lib_a-nano-mallocr.o)
                0x00003228                _malloc_r
 .text._realloc_r
                0x000032e4       0x4c c:/program files (x86)/cypress/psoc creator/4.4/psoc creator/import/gnu/arm/5.4.1/bin/../lib/gcc/arm-none-eabi/5.4.1/../../../../arm-none-eabi/lib/armv7-m\libg_nano.a(lib_a-nano-reallocr.o)
                0x000032e4                _realloc_r
 .text._sbrk_r  0x00003330       0x20 c:/program files (x86)/cypress/psoc creator/4.4/psoc creator/import/gnu/arm/5.4.1/bin/../lib/gcc/arm-none-eabi/5.4.1/../../../../arm-none-eabi/lib/armv7-m\libg_nano.a(lib_a-sbrkr.o)
                0x00003330                _sbrk_r
 .text.__malloc_lock
                0x00003350        0x2 c:/program files (x86)/cypress/psoc creator/4.4/psoc creator/import/gnu/arm/5.4.1/bin/../lib/gcc/arm-none-eabi/5.4.1/../../../../arm-none-eabi/lib/armv7-m\libg_nano.a(lib_a-mlock.o)
                0x00003350                __malloc_lock
 .text.__malloc_unlock
                0x00003352        0x2 c:/program files (x86)/cypress/psoc creator/4.4/psoc creator/import/gnu/arm/5.4.1/bin/../lib/gcc/arm-none-eabi/5.4.1/../../../../arm-none-eabi/lib/armv7-m\libg_nano.a(lib_a-mlock.o)
                0x00003352                __malloc_unlock
 .text._malloc_usable_size_r
                0x00003354       0x14 c:/program files (x86)/cypress/psoc creator/4.4/psoc creator/import/gnu/arm/5.4.1/bin/../lib/gcc/arm-none-eabi/5.4.1/../../../../arm-none-eabi/lib/armv7-m\libg_nano.a(lib_a-nano-msizer.o)
                0x00003354                _malloc_usable_size_r
 *(.plt)
 *(.gnu.warning)
 *(.glue_7t)
 .glue_7t       0x00003368        0x0 linker stubs
 *(.glue_7)
 .glue_7        0x00003368        0x0 linker stubs
 *(.vfp11_veneer)
 .vfp11_veneer  0x00003368        0x0 linker stubs
 *(.bootloader)
 *(.ARM.extab* .gnu.linkonce.armextab.*)
 *(.gcc_except_table)

.v4_bx          0x00003368        0x0
 .v4_bx         0x00003368        0x0 linker stubs

.iplt           0x00003368        0x0
 .iplt          0x00003368        0x0 c:/program files (x86)/cypress/psoc creator/4.4/psoc creator/import/gnu/arm/5.4.1/bin/../lib/gcc/arm-none-eabi/5.4.1/armv7-m/crtbegin.o

.eh_frame_hdr
 *(.eh_frame_hdr)

.eh_frame       0x00003368        0x4
 *(.eh_frame)
 .eh_frame      0x00003368        0x0 c:/program files (x86)/cypress/psoc creator/4.4/psoc creator/import/gnu/arm/5.4.1/bin/../lib/gcc/arm-none-eabi/5.4.1/armv7-m/crtbegin.o
 .eh_frame      0x00003368        0x4 c:/program files (x86)/cypress/psoc creator/4.4/psoc creator/import/gnu/arm/5.4.1/bin/../lib/gcc/arm-none-eabi/5.4.1/armv7-m/crtend.o
                [!provide]                PROVIDE (__exidx_start, .)

.ARM.exidx
 *(.ARM.exidx* .gnu.linkonce.armexidx.*)
                0x0000336c                __exidx_end = .

.rodata         0x0000336c      0xdb4
 *(.rodata .rodata.* .gnu.linkonce.r.*)
 .rodata        0x0000336c      0x110 .\CortexM3\ARM_GCC_541\Debug\swc_clock.o
                0x0000336c                CLOCK_Widget_Transitions
                0x00003390                CLOCK_Container_Transitions
                0x000033b4                CLOCK_Widget_Transitions_Size
                0x000033b8                STATE_CLOCK_W_IS_AUTOINCREMENT_Transitions
                0x000033d0                STATE_CLOCK_W_IS_EDITING_Transitions
                0x000033f4                STATE_CLOCK_W_IS_DISPLAYING_Transitions
                0x00003400                CLOCK_Container_Transitions_Size
 .rodata.str1.4
                0x0000347c      0x2b4 .\CortexM3\ARM_GCC_541\Debug\swc_clock.o
 .rodata        0x00003730       0x12 .\CortexM3\ARM_GCC_541\Debug\tsk_cyclic.o
                0x00003730                RTE_cyclicActivationTable_tsk_cyclic
                0x00003740                RTE_cyclicActivation_tsk_cyclic_size
 *fill*         0x00003742        0x2 
 .rodata        0x00003744        0xa .\CortexM3\ARM_GCC_541\Debug\tsk_event.o
                0x00003744                RTE_eventActivationTable_tsk_event
                0x0000374c                RTE_eventActivation_tsk_event_size
 *fill*         0x0000374e        0x2 
 .rodata.str1.4
                0x00003750       0x16 .\CortexM3\ARM_GCC_541\Debug\main.o
 *fill*         0x00003766        0x2 
 .rodata.str1.4
                0x00003768       0x97 .\CortexM3\ARM_GCC_541\Debug\statemachine.o
 *fill*         0x000037ff        0x1 
 .rodata.str1.4
                0x00003800       0x14 .\CortexM3\ARM_GCC_541\Debug\logging.o
                                 0x18 (size before relaxing)
 .rodata        0x00003814      0x558 .\CortexM3\ARM_GCC_541\Debug\tft.o
 .rodata.str1.4
                0x00003d6c       0x14 .\CortexM3\ARM_GCC_541\Debug\tft.o
 .rodata.str1.4
                0x00003d80        0x3 .\CortexM3\ARM_GCC_541\Debug\sc_display_type.o
 *fill*         0x00003d83        0x1 
 .rodata        0x00003d84       0x7c .\CortexM3\ARM_GCC_541\Debug\sp_common.o
                0x00003dfc                so_event_updTasks
 .rodata        0x00003e00       0x4c .\CortexM3\ARM_GCC_541\Debug\cyfitter_cfg.o
 .rodata        0x00003e4c      0x100 .\CortexM3\ARM_GCC_541\Debug\ElectronicClock_v1.a(ErikaOS_ee_lookup.o)
                0x00003e4c                EE_rq_lookup
 .rodata        0x00003f4c       0xfc .\CortexM3\ARM_GCC_541\Debug\ElectronicClock_v1.a(ErikaOS_eecfg.o)
                0x00003f4c                EE_oo_autostart_task_data
                0x00003f58                EE_oo_action_ROM
                0x00003f80                EE_oo_counter_object_ROM
                0x00003f98                EE_ALARM_ID
                0x00003fa0                EE_alarm_ROM
                0x00003fa8                EE_counter_ROM
                0x00003fb4                EE_th_is_extended
                0x00003fc8                EE_th_rnact_max
                0x00003fdc                EE_th_dispatch_prio
                0x00003ff0                EE_EVENT_ID
                0x00003ff4                EE_th_ready_prio
                0x00004008                EE_terminate_real_th_body
                0x0000401c                EE_hal_thread_body
                0x00004030                EE_std_thread_tos
 .rodata.str1.4
                0x00004048       0x68 .\CortexM3\ARM_GCC_541\Debug\ElectronicClock_v1.a(ErikaOS_eecfg.o)
                                 0x67 (size before relaxing)
 .rodata.str1.1
                0x000040b0        0x2 c:/program files (x86)/cypress/psoc creator/4.4/psoc creator/import/gnu/arm/5.4.1/bin/../lib/gcc/arm-none-eabi/5.4.1/../../../../arm-none-eabi/lib/armv7-m\libg_nano.a(lib_a-impure.o)
 .rodata.str1.1
                0x000040b2       0x11 c:/program files (x86)/cypress/psoc creator/4.4/psoc creator/import/gnu/arm/5.4.1/bin/../lib/gcc/arm-none-eabi/5.4.1/../../../../arm-none-eabi/lib/armv7-m\libg_nano.a(lib_a-nano-svfprintf.o)
 .rodata.str1.1
                0x000040c3       0x22 c:/program files (x86)/cypress/psoc creator/4.4/psoc creator/import/gnu/arm/5.4.1/bin/../lib/gcc/arm-none-eabi/5.4.1/../../../../arm-none-eabi/lib/armv7-m\libg_nano.a(lib_a-nano-vfprintf_i.o)
                0x000040e8                . = ALIGN (0x4)
 *fill*         0x000040e5        0x3 
 *(.init)
 .init          0x000040e8        0x4 c:/program files (x86)/cypress/psoc creator/4.4/psoc creator/import/gnu/arm/5.4.1/bin/../lib/gcc/arm-none-eabi/5.4.1/armv7-m/crti.o
                0x000040e8                _init
 .init          0x000040ec        0x8 c:/program files (x86)/cypress/psoc creator/4.4/psoc creator/import/gnu/arm/5.4.1/bin/../lib/gcc/arm-none-eabi/5.4.1/armv7-m/crtn.o
                0x000040f4                . = ALIGN (0x4)
                0x000040f4                __preinit_array_start = .
 *(.preinit_array)
                0x000040f4                __preinit_array_end = .
                0x000040f4                . = ALIGN (0x4)
                0x000040f4                __init_array_start = .
 *(SORT(.init_array.*))
 *(.init_array)
 .init_array    0x000040f4        0x4 c:/program files (x86)/cypress/psoc creator/4.4/psoc creator/import/gnu/arm/5.4.1/bin/../lib/gcc/arm-none-eabi/5.4.1/armv7-m/crtbegin.o
 .init_array    0x000040f8        0x4 .\CortexM3\ARM_GCC_541\Debug\Cm3Start.o
                0x000040fc                __init_array_end = .
                0x000040fc                . = ALIGN (0x4)
 *(.fini)
 .fini          0x000040fc        0x4 c:/program files (x86)/cypress/psoc creator/4.4/psoc creator/import/gnu/arm/5.4.1/bin/../lib/gcc/arm-none-eabi/5.4.1/armv7-m/crti.o
                0x000040fc                _fini
 .fini          0x00004100        0x8 c:/program files (x86)/cypress/psoc creator/4.4/psoc creator/import/gnu/arm/5.4.1/bin/../lib/gcc/arm-none-eabi/5.4.1/armv7-m/crtn.o
                0x00004108                . = ALIGN (0x4)
                0x00004108                __fini_array_start = .
 *(.fini_array)
 .fini_array    0x00004108        0x4 c:/program files (x86)/cypress/psoc creator/4.4/psoc creator/import/gnu/arm/5.4.1/bin/../lib/gcc/arm-none-eabi/5.4.1/armv7-m/crtbegin.o
 *(SORT(.fini_array.*))
                0x0000410c                __fini_array_end = .
                0x0000410c                . = ALIGN (0x4)
 *crtbegin.o(.ctors)
 *(EXCLUDE_FILE(*crtend.o) .ctors)
 *(SORT(.ctors.*))
 *crtend.o(.ctors)
                0x0000410c                . = ALIGN (0x4)
 *crtbegin.o(.dtors)
 *(EXCLUDE_FILE(*crtend.o) .dtors)
 *(SORT(.dtors.*))
 *crtend.o(.dtors)
                0x0000410c                . = ALIGN (0x4)
                0x0000410c                __cy_regions = .
                0x0000410c        0x4 LONG 0x4120 __cy_region_init_ram
                0x00004110        0x4 LONG 0x1fff80c8 __cy_region_start_data
                0x00004114        0x4 LONG 0x200 __cy_region_init_size_ram
                0x00004118        0x4 LONG 0x9a8 __cy_region_zero_size_ram
                0x0000411c                __cy_regions_end = .
                0x00004120                . = ALIGN (0x8)
 *fill*         0x0000411c        0x4 
                0x00004120                _etext = .

.cy_checksum_exclude
                0x00004120        0x0
 *(.cy_checksum_exclude)

.ramvectors     0x1fff8000       0xc0
                0x1fff8000                __cy_region_start_ram = .
 *(.ramvectors)
 .ramvectors    0x1fff8000       0xc0 .\CortexM3\ARM_GCC_541\Debug\Cm3Start.o
                0x1fff8000                CyRamVectors

.noinit         0x1fff80c0        0x1
 *(.noinit)
 .noinit        0x1fff80c0        0x1 .\CortexM3\ARM_GCC_541\Debug\ElectronicClock_v1.a(CyLib.o)
                0x1fff80c0                CyResetStatus

.data           0x1fff80c8      0x200 load address 0x00004120
                0x1fff80c8                __cy_region_start_data = .
 *(.jcr)
 .jcr           0x1fff80c8        0x0 c:/program files (x86)/cypress/psoc creator/4.4/psoc creator/import/gnu/arm/5.4.1/bin/../lib/gcc/arm-none-eabi/5.4.1/armv7-m/crtbegin.o
 .jcr           0x1fff80c8        0x4 c:/program files (x86)/cypress/psoc creator/4.4/psoc creator/import/gnu/arm/5.4.1/bin/../lib/gcc/arm-none-eabi/5.4.1/armv7-m/crtend.o
 *(.got.plt)
 *(.got)
 *(.shdata)
 *(.data .data.* .gnu.linkonce.d.*)
 .data          0x1fff80cc       0x4c .\CortexM3\ARM_GCC_541\Debug\sp_common.o
                0x1fff80cc                SO_EVENT_signal
                0x1fff80d8                SO_CLOCK_signal
                0x1fff8108                SO_DISPLAY_signal
 .data          0x1fff8118        0x4 .\CortexM3\ARM_GCC_541\Debug\Cm3Start.o
 .data          0x1fff811c       0x10 .\CortexM3\ARM_GCC_541\Debug\ElectronicClock_v1.a(CyLib.o)
                0x1fff811c                cydelay_32k_ms
                0x1fff8120                cydelay_freq_khz
                0x1fff8124                cydelay_freq_mhz
                0x1fff8128                cydelay_freq_hz
 .data          0x1fff812c      0x130 .\CortexM3\ARM_GCC_541\Debug\ElectronicClock_v1.a(ErikaOS_eecfg.o)
                0x1fff812c                EE_ALARM_NAME
                0x1fff8134                EE_counter_RAM
                0x1fff813c                EE_th_terminate_nextask
                0x1fff8150                EE_rq_pairs_next
                0x1fff8164                EE_rq_link
                0x1fff8178                EE_th_rnact
                0x1fff818c                EE_rq_queues_tail
                0x1fff81cc                EE_rq_queues_head
                0x1fff820c                EE_stkfirst
                0x1fff8210                EE_th_next
                0x1fff8224                EE_th_status
                0x1fff8238                EE_EVENT_NAME
                0x1fff823c                EE_TASK_NAME
                0x1fff8250                EE_cortex_mx_IRQ_tos
                0x1fff8254                EE_cortex_mx_system_tos
 .data          0x1fff825c        0x4 .\CortexM3\ARM_GCC_541\Debug\ElectronicClock_v1.a(ErikaOS_ee_gnu_irq_stack.o)
 .data.impure_data
                0x1fff8260       0x60 c:/program files (x86)/cypress/psoc creator/4.4/psoc creator/import/gnu/arm/5.4.1/bin/../lib/gcc/arm-none-eabi/5.4.1/../../../../arm-none-eabi/lib/armv7-m\libg_nano.a(lib_a-impure.o)
 .data._impure_ptr
                0x1fff82c0        0x4 c:/program files (x86)/cypress/psoc creator/4.4/psoc creator/import/gnu/arm/5.4.1/bin/../lib/gcc/arm-none-eabi/5.4.1/../../../../arm-none-eabi/lib/armv7-m\libg_nano.a(lib_a-impure.o)
                0x1fff82c0                _impure_ptr
                0x1fff82c8                . = ALIGN (0x8)
 *fill*         0x1fff82c4        0x4 
 *(.ram)
                0x1fff82c8                _edata = .

.igot.plt       0x1fff82c8        0x0 load address 0x00004320
 .igot.plt      0x1fff82c8        0x0 c:/program files (x86)/cypress/psoc creator/4.4/psoc creator/import/gnu/arm/5.4.1/bin/../lib/gcc/arm-none-eabi/5.4.1/armv7-m/crtbegin.o

.bss            0x1fff82c8      0x9a8 load address 0x00004320
                0x1fff82c8                PROVIDE (__bss_start__, .)
 *(.shbss)
 *(.bss .bss.* .gnu.linkonce.b.*)
 .bss           0x1fff82c8       0x1c c:/program files (x86)/cypress/psoc creator/4.4/psoc creator/import/gnu/arm/5.4.1/bin/../lib/gcc/arm-none-eabi/5.4.1/armv7-m/crtbegin.o
 .bss           0x1fff82e4        0x4 .\CortexM3\ARM_GCC_541\Debug\swc_clock.o
 .bss           0x1fff82e8        0x4 .\CortexM3\ARM_GCC_541\Debug\tsk_cyclic.o
 .bss           0x1fff82ec       0xe6 .\CortexM3\ARM_GCC_541\Debug\tft.o
 *fill*         0x1fff83d2        0x2 
 .bss           0x1fff83d4       0x4c .\CortexM3\ARM_GCC_541\Debug\ElectronicClock_v1.a(ErikaOS_eecfg.o)
                0x1fff83d4                EE_th_waswaiting
                0x1fff83e8                EE_th_event_waitmask
                0x1fff83fc                EE_th_event_active
                0x1fff8410                EE_rq_free
                0x1fff8414                EE_rq_bitmask
                0x1fff8418                EE_sys_ceiling
                0x1fff841c                EE_cortex_mx_active_tos
 .bss           0x1fff8420        0x2 .\CortexM3\ARM_GCC_541\Debug\ElectronicClock_v1.a(UART_LOG.o)
                0x1fff8420                UART_LOG_initVar
 .bss           0x1fff8422        0x1 .\CortexM3\ARM_GCC_541\Debug\ElectronicClock_v1.a(TFT_SPI.o)
                0x1fff8422                TFT_SPI_initVar
 .bss           0x1fff8423        0x1 .\CortexM3\ARM_GCC_541\Debug\ElectronicClock_v1.a(TFT_BackLight.o)
                0x1fff8423                TFT_BackLight_initVar
 .bss.__malloc_sbrk_start
                0x1fff8424        0x4 c:/program files (x86)/cypress/psoc creator/4.4/psoc creator/import/gnu/arm/5.4.1/bin/../lib/gcc/arm-none-eabi/5.4.1/../../../../arm-none-eabi/lib/armv7-m\libg_nano.a(lib_a-nano-mallocr.o)
                0x1fff8424                __malloc_sbrk_start
 .bss.__malloc_free_list
                0x1fff8428        0x4 c:/program files (x86)/cypress/psoc creator/4.4/psoc creator/import/gnu/arm/5.4.1/bin/../lib/gcc/arm-none-eabi/5.4.1/../../../../arm-none-eabi/lib/armv7-m\libg_nano.a(lib_a-nano-mallocr.o)
                0x1fff8428                __malloc_free_list
 *(COMMON)
 COMMON         0x1fff842c        0x8 .\CortexM3\ARM_GCC_541\Debug\ElectronicClock_v1.a(ErikaOS_ee_lookup.o)
                0x1fff842c                EE_oo_IRQ_disable_count
                0x1fff8430                EE_oo_IRQ_suspend_status
 COMMON         0x1fff8434        0x4 .\CortexM3\ARM_GCC_541\Debug\ElectronicClock_v1.a(ErikaOS_ee_startos.o)
                0x1fff8434                EE_oo_started
 COMMON         0x1fff8438        0x8 .\CortexM3\ARM_GCC_541\Debug\ElectronicClock_v1.a(ErikaOS_common_ee_hal_structs.o)
                0x1fff8438                EE_IRQ_nesting_level
                0x1fff843c                EE_std_endcycle_next_tid
 COMMON         0x1fff8440      0x828 .\CortexM3\ARM_GCC_541\Debug\ElectronicClock_v1.a(ErikaOS_eecfg.o)
                0x1fff8440                EE_cortex_mx_stack_3
                0x1fff8a1c                EE_rq_pairs_tid
                0x1fff8a30                EE_terminate_data
                0x1fff8a44                EE_oo_counter_object_RAM
                0x1fff8a64                EE_ApplicationMode
                0x1fff8a68                EE_cortex_mx_stack_9
 COMMON         0x1fff8c68        0x4 c:/program files (x86)/cypress/psoc creator/4.4/psoc creator/import/gnu/arm/5.4.1/bin/../lib/gcc/arm-none-eabi/5.4.1/../../../../arm-none-eabi/lib/armv7-m\libg_nano.a(lib_a-reent.o)
                0x1fff8c68                errno
                0x1fff8c70                . = ALIGN (0x8)
 *fill*         0x1fff8c6c        0x4 
 *(.ram.b)
                0x1fff8c70                _end = .
                0x1fff8c70                __end = .
                0x1fff8c70                PROVIDE (end, .)
                0x1fff8c70                PROVIDE (__bss_end__, .)
                0x00004120                __cy_region_init_ram = LOADADDR (.data)
                0x00000200                __cy_region_init_size_ram = (_edata - ADDR (.data))
                0x000009a8                __cy_region_zero_size_ram = (_end - _edata)

.heap           0x1fff8c70       0x80 load address 0x00004320
                0x1fff8c70                . = _end
                0x1fff8cf0                . = (. + 0x80)
 *fill*         0x1fff8c70       0x80 
                0x1fff8cf0                __cy_heap_limit = .

.stack          0x20007800      0x800
                0x20007800                __cy_stack_limit = .
                0x20008000                . = (. + 0x800)
 *fill*         0x20007800      0x800 
                0x00000001                ASSERT ((__cy_stack_limit >= __cy_heap_limit), region RAM overflowed with stack)
                0x00000000                cy_checksum_exclude_size = (CY_APPL_LOADABLE == 0x1)?SIZEOF (.cy_checksum_exclude):0x0
                0x00000001                ASSERT ((cy_checksum_exclude_size <= CY_CHECKSUM_EXCLUDE_SIZE), CY_BOOT: Section .cy_checksum_exclude size exceedes specified limit.)

.cyloadermeta
 *(.cyloadermeta)

.cyloadablemeta
 *(.cyloadablemeta)

.cyconfigecc    0x80000000      0x6e4
 *(.cyconfigecc)
 .cyconfigecc   0x80000000      0x6e4 .\CortexM3\ARM_GCC_541\Debug\cymetadata.o
                0x80000000                cy_meta_configecc

.cycustnvl      0x90000000        0x4
 *(.cycustnvl)
 .cycustnvl     0x90000000        0x4 .\CortexM3\ARM_GCC_541\Debug\cymetadata.o
                0x90000000                cy_meta_custnvl

.cywolatch      0x90100000        0x4
 *(.cywolatch)
 .cywolatch     0x90100000        0x4 .\CortexM3\ARM_GCC_541\Debug\cymetadata.o
                0x90100000                cy_meta_wonvl

.cyeeprom       0x90200000        0x0
 *(.cyeeprom)
                0x00000001                ASSERT ((. <= ((0x90200000 + ee_offset) + ee_size)), .cyeeprom data will not fit in EEPROM)

.cyflashprotect
                0x90400000      0x100
 *(.cyflashprotect)
 .cyflashprotect
                0x90400000      0x100 .\CortexM3\ARM_GCC_541\Debug\cymetadata.o
                0x90400000                cy_meta_flashprotect

.cymeta         0x90500000        0xc
 *(.cymeta)
 .cymeta        0x90500000        0xc .\CortexM3\ARM_GCC_541\Debug\cymetadata.o
                0x90500000                cy_metadata

.rel.dyn        0x00004320        0x0 load address 0x9050000c
 .rel.iplt      0x00004320        0x0 c:/program files (x86)/cypress/psoc creator/4.4/psoc creator/import/gnu/arm/5.4.1/bin/../lib/gcc/arm-none-eabi/5.4.1/armv7-m/crtbegin.o

.stab
 *(.stab)

.stabstr
 *(.stabstr)

.debug
 *(.debug)

.line
 *(.line)

.debug_srcinfo
 *(.debug_srcinfo)

.debug_sfnames
 *(.debug_sfnames)

.debug_aranges  0x00000000     0x1050
 *(.debug_aranges)
 .debug_aranges
                0x00000000       0xb0 .\CortexM3\ARM_GCC_541\Debug\swc_clock.o
 .debug_aranges
                0x000000b0       0x20 .\CortexM3\ARM_GCC_541\Debug\tsk_cyclic.o
 .debug_aranges
                0x000000d0       0x20 .\CortexM3\ARM_GCC_541\Debug\tsk_event.o
 .debug_aranges
                0x000000f0       0x20 .\CortexM3\ARM_GCC_541\Debug\tsk_system.o
 .debug_aranges
                0x00000110       0x48 .\CortexM3\ARM_GCC_541\Debug\main.o
 .debug_aranges
                0x00000158       0x30 .\CortexM3\ARM_GCC_541\Debug\statemachine.o
 .debug_aranges
                0x00000188       0x28 .\CortexM3\ARM_GCC_541\Debug\logging.o
 .debug_aranges
                0x000001b0      0x178 .\CortexM3\ARM_GCC_541\Debug\tft.o
 .debug_aranges
                0x00000328       0x28 .\CortexM3\ARM_GCC_541\Debug\rte.o
 .debug_aranges
                0x00000350       0x20 .\CortexM3\ARM_GCC_541\Debug\sc_display_type.o
 .debug_aranges
                0x00000370       0x20 .\CortexM3\ARM_GCC_541\Debug\sp_common.o
 .debug_aranges
                0x00000390       0x58 .\CortexM3\ARM_GCC_541\Debug\cyfitter_cfg.o
 .debug_aranges
                0x000003e8       0x18 .\CortexM3\ARM_GCC_541\Debug\cymetadata.o
 .debug_aranges
                0x00000400       0x48 .\CortexM3\ARM_GCC_541\Debug\Cm3Start.o
 .debug_aranges
                0x00000448      0x2a0 .\CortexM3\ARM_GCC_541\Debug\ElectronicClock_v1.a(CyLib.o)
 .debug_aranges
                0x000006e8       0x98 .\CortexM3\ARM_GCC_541\Debug\ElectronicClock_v1.a(cyPm.o)
 .debug_aranges
                0x00000780       0x20 .\CortexM3\ARM_GCC_541\Debug\ElectronicClock_v1.a(ErikaOS_ee_activate.o)
 .debug_aranges
                0x000007a0       0x20 .\CortexM3\ARM_GCC_541\Debug\ElectronicClock_v1.a(ErikaOS_ee_alsetrel.o)
 .debug_aranges
                0x000007c0       0x58 .\CortexM3\ARM_GCC_541\Debug\ElectronicClock_v1.a(ErikaOS_ee_altick.o)
 .debug_aranges
                0x00000818       0x20 .\CortexM3\ARM_GCC_541\Debug\ElectronicClock_v1.a(ErikaOS_ee_evclear.o)
 .debug_aranges
                0x00000838       0x20 .\CortexM3\ARM_GCC_541\Debug\ElectronicClock_v1.a(ErikaOS_ee_evget.o)
 .debug_aranges
                0x00000858       0x20 .\CortexM3\ARM_GCC_541\Debug\ElectronicClock_v1.a(ErikaOS_ee_evset.o)
 .debug_aranges
                0x00000878       0x20 .\CortexM3\ARM_GCC_541\Debug\ElectronicClock_v1.a(ErikaOS_ee_evwait.o)
 .debug_aranges
                0x00000898       0x30 .\CortexM3\ARM_GCC_541\Debug\ElectronicClock_v1.a(ErikaOS_ee_irqendin.o)
 .debug_aranges
                0x000008c8       0x18 .\CortexM3\ARM_GCC_541\Debug\ElectronicClock_v1.a(ErikaOS_ee_lookup.o)
 .debug_aranges
                0x000008e0       0x20 .\CortexM3\ARM_GCC_541\Debug\ElectronicClock_v1.a(ErikaOS_ee_rq_exchg.o)
 .debug_aranges
                0x00000900       0x20 .\CortexM3\ARM_GCC_541\Debug\ElectronicClock_v1.a(ErikaOS_ee_rq_first.o)
 .debug_aranges
                0x00000920       0x20 .\CortexM3\ARM_GCC_541\Debug\ElectronicClock_v1.a(ErikaOS_ee_rq_inser.o)
 .debug_aranges
                0x00000940       0x40 .\CortexM3\ARM_GCC_541\Debug\ElectronicClock_v1.a(ErikaOS_ee_startos.o)
 .debug_aranges
                0x00000980       0x20 .\CortexM3\ARM_GCC_541\Debug\ElectronicClock_v1.a(ErikaOS_ee_terminat.o)
 .debug_aranges
                0x000009a0       0x20 .\CortexM3\ARM_GCC_541\Debug\ElectronicClock_v1.a(ErikaOS_cortex_mx_ee_utils.o)
 .debug_aranges
                0x000009c0       0x18 .\CortexM3\ARM_GCC_541\Debug\ElectronicClock_v1.a(ErikaOS_common_ee_hal_structs.o)
 .debug_aranges
                0x000009d8       0x18 .\CortexM3\ARM_GCC_541\Debug\ElectronicClock_v1.a(ErikaOS_eecfg.o)
 .debug_aranges
                0x000009f0       0x38 .\CortexM3\ARM_GCC_541\Debug\ElectronicClock_v1.a(Pin_ButtonLeft.o)
 .debug_aranges
                0x00000a28       0x38 .\CortexM3\ARM_GCC_541\Debug\ElectronicClock_v1.a(Pin_ButtonRight.o)
 .debug_aranges
                0x00000a60       0xf0 .\CortexM3\ARM_GCC_541\Debug\ElectronicClock_v1.a(UART_LOG.o)
 .debug_aranges
                0x00000b50       0x70 .\CortexM3\ARM_GCC_541\Debug\ElectronicClock_v1.a(UART_LOG_IntClock.o)
 .debug_aranges
                0x00000bc0       0xd8 .\CortexM3\ARM_GCC_541\Debug\ElectronicClock_v1.a(TFT_SPI.o)
 .debug_aranges
                0x00000c98       0x98 .\CortexM3\ARM_GCC_541\Debug\ElectronicClock_v1.a(TFT_BackLight.o)
 .debug_aranges
                0x00000d30       0x38 .\CortexM3\ARM_GCC_541\Debug\ElectronicClock_v1.a(TFT_DC.o)
 .debug_aranges
                0x00000d68       0x38 .\CortexM3\ARM_GCC_541\Debug\ElectronicClock_v1.a(TFT_RES.o)
 .debug_aranges
                0x00000da0       0x70 .\CortexM3\ARM_GCC_541\Debug\ElectronicClock_v1.a(TFT_SPI_IntClock.o)
 .debug_aranges
                0x00000e10       0x20 .\CortexM3\ARM_GCC_541\Debug\ElectronicClock_v1.a(CyBootAsmGnu.o)
 .debug_aranges
                0x00000e30       0x20 .\CortexM3\ARM_GCC_541\Debug\ElectronicClock_v1.a(ErikaOS_ee_gnu_change_context_isr.o)
 .debug_aranges
                0x00000e50       0x20 .\CortexM3\ARM_GCC_541\Debug\ElectronicClock_v1.a(ErikaOS_ee_gnu_irq_stack.o)
 .debug_aranges
                0x00000e70       0x20 .\CortexM3\ARM_GCC_541\Debug\ElectronicClock_v1.a(ErikaOS_ee_gnu_multi_context.o)
 .debug_aranges
                0x00000e90       0x20 .\CortexM3\ARM_GCC_541\Debug\ElectronicClock_v1.a(ErikaOS_ee_gnu_oo.o)
 .debug_aranges
                0x00000eb0       0x88 .\CortexM3\ARM_GCC_541\Debug\ElectronicClock_v1.a(CyFlash.o)
 .debug_aranges
                0x00000f38       0x80 .\CortexM3\ARM_GCC_541\Debug\ElectronicClock_v1.a(CySpc.o)
 .debug_aranges
                0x00000fb8       0x20 .\CortexM3\ARM_GCC_541\Debug\ElectronicClock_v1.a(ErikaOS_ee_tnterm.o)
 .debug_aranges
                0x00000fd8       0x20 .\CortexM3\ARM_GCC_541\Debug\ElectronicClock_v1.a(ErikaOS_ee_tstub.o)
 .debug_aranges
                0x00000ff8       0x28 .\CortexM3\ARM_GCC_541\Debug\ElectronicClock_v1.a(ErikaOS_cortex_mx_ee_context.o)
 .debug_aranges
                0x00001020       0x30 .\CortexM3\ARM_GCC_541\Debug\ElectronicClock_v1.a(ErikaOS_ee_thendin.o)

.debug_pubnames
 *(.debug_pubnames)

.debug_info     0x00000000    0x15302
 *(.debug_info .gnu.linkonce.wi.*)
 .debug_info    0x00000000     0x1c51 .\CortexM3\ARM_GCC_541\Debug\swc_clock.o
 .debug_info    0x00001c51      0x23a .\CortexM3\ARM_GCC_541\Debug\tsk_cyclic.o
 .debug_info    0x00001e8b      0x279 .\CortexM3\ARM_GCC_541\Debug\tsk_event.o
 .debug_info    0x00002104      0x165 .\CortexM3\ARM_GCC_541\Debug\tsk_system.o
 .debug_info    0x00002269      0x5da .\CortexM3\ARM_GCC_541\Debug\main.o
 .debug_info    0x00002843      0x731 .\CortexM3\ARM_GCC_541\Debug\statemachine.o
 .debug_info    0x00002f74      0x3b5 .\CortexM3\ARM_GCC_541\Debug\logging.o
 .debug_info    0x00003329     0x278f .\CortexM3\ARM_GCC_541\Debug\tft.o
 .debug_info    0x00005ab8      0x35f .\CortexM3\ARM_GCC_541\Debug\rte.o
 .debug_info    0x00005e17      0x431 .\CortexM3\ARM_GCC_541\Debug\sc_display_type.o
 .debug_info    0x00006248      0xad0 .\CortexM3\ARM_GCC_541\Debug\sp_common.o
 .debug_info    0x00006d18      0x5cd .\CortexM3\ARM_GCC_541\Debug\cyfitter_cfg.o
 .debug_info    0x000072e5      0x139 .\CortexM3\ARM_GCC_541\Debug\cymetadata.o
 .debug_info    0x0000741e      0x3bb .\CortexM3\ARM_GCC_541\Debug\Cm3Start.o
 .debug_info    0x000077d9     0x1374 .\CortexM3\ARM_GCC_541\Debug\ElectronicClock_v1.a(CyLib.o)
 .debug_info    0x00008b4d      0xa2a .\CortexM3\ARM_GCC_541\Debug\ElectronicClock_v1.a(cyPm.o)
 .debug_info    0x00009577      0x80d .\CortexM3\ARM_GCC_541\Debug\ElectronicClock_v1.a(ErikaOS_ee_activate.o)
 .debug_info    0x00009d84      0x5e5 .\CortexM3\ARM_GCC_541\Debug\ElectronicClock_v1.a(ErikaOS_ee_alsetrel.o)
 .debug_info    0x0000a369      0xc3b .\CortexM3\ARM_GCC_541\Debug\ElectronicClock_v1.a(ErikaOS_ee_altick.o)
 .debug_info    0x0000afa4      0x5a7 .\CortexM3\ARM_GCC_541\Debug\ElectronicClock_v1.a(ErikaOS_ee_evclear.o)
 .debug_info    0x0000b54b      0x4ca .\CortexM3\ARM_GCC_541\Debug\ElectronicClock_v1.a(ErikaOS_ee_evget.o)
 .debug_info    0x0000ba15      0x7c3 .\CortexM3\ARM_GCC_541\Debug\ElectronicClock_v1.a(ErikaOS_ee_evset.o)
 .debug_info    0x0000c1d8      0x84e .\CortexM3\ARM_GCC_541\Debug\ElectronicClock_v1.a(ErikaOS_ee_evwait.o)
 .debug_info    0x0000ca26      0x5cb .\CortexM3\ARM_GCC_541\Debug\ElectronicClock_v1.a(ErikaOS_ee_irqendin.o)
 .debug_info    0x0000cff1      0x3d0 .\CortexM3\ARM_GCC_541\Debug\ElectronicClock_v1.a(ErikaOS_ee_lookup.o)
 .debug_info    0x0000d3c1      0x46f .\CortexM3\ARM_GCC_541\Debug\ElectronicClock_v1.a(ErikaOS_ee_rq_exchg.o)
 .debug_info    0x0000d830      0x421 .\CortexM3\ARM_GCC_541\Debug\ElectronicClock_v1.a(ErikaOS_ee_rq_first.o)
 .debug_info    0x0000dc51      0x475 .\CortexM3\ARM_GCC_541\Debug\ElectronicClock_v1.a(ErikaOS_ee_rq_inser.o)
 .debug_info    0x0000e0c6     0x2040 .\CortexM3\ARM_GCC_541\Debug\ElectronicClock_v1.a(ErikaOS_ee_startos.o)
 .debug_info    0x00010106      0x589 .\CortexM3\ARM_GCC_541\Debug\ElectronicClock_v1.a(ErikaOS_ee_terminat.o)
 .debug_info    0x0001068f      0x513 .\CortexM3\ARM_GCC_541\Debug\ElectronicClock_v1.a(ErikaOS_cortex_mx_ee_utils.o)
 .debug_info    0x00010ba2      0x3cb .\CortexM3\ARM_GCC_541\Debug\ElectronicClock_v1.a(ErikaOS_common_ee_hal_structs.o)
 .debug_info    0x00010f6d      0x8b7 .\CortexM3\ARM_GCC_541\Debug\ElectronicClock_v1.a(ErikaOS_eecfg.o)
 .debug_info    0x00011824      0x11f .\CortexM3\ARM_GCC_541\Debug\ElectronicClock_v1.a(Pin_ButtonLeft.o)
 .debug_info    0x00011943      0x11f .\CortexM3\ARM_GCC_541\Debug\ElectronicClock_v1.a(Pin_ButtonRight.o)
 .debug_info    0x00011a62      0x60c .\CortexM3\ARM_GCC_541\Debug\ElectronicClock_v1.a(UART_LOG.o)
 .debug_info    0x0001206e      0x283 .\CortexM3\ARM_GCC_541\Debug\ElectronicClock_v1.a(UART_LOG_IntClock.o)
 .debug_info    0x000122f1      0x4bb .\CortexM3\ARM_GCC_541\Debug\ElectronicClock_v1.a(TFT_SPI.o)
 .debug_info    0x000127ac      0x334 .\CortexM3\ARM_GCC_541\Debug\ElectronicClock_v1.a(TFT_BackLight.o)
 .debug_info    0x00012ae0      0x11f .\CortexM3\ARM_GCC_541\Debug\ElectronicClock_v1.a(TFT_DC.o)
 .debug_info    0x00012bff      0x11f .\CortexM3\ARM_GCC_541\Debug\ElectronicClock_v1.a(TFT_RES.o)
 .debug_info    0x00012d1e      0x283 .\CortexM3\ARM_GCC_541\Debug\ElectronicClock_v1.a(TFT_SPI_IntClock.o)
 .debug_info    0x00012fa1       0x90 .\CortexM3\ARM_GCC_541\Debug\ElectronicClock_v1.a(CyBootAsmGnu.o)
 .debug_info    0x00013031       0xa5 .\CortexM3\ARM_GCC_541\Debug\ElectronicClock_v1.a(ErikaOS_ee_gnu_change_context_isr.o)
 .debug_info    0x000130d6       0x9c .\CortexM3\ARM_GCC_541\Debug\ElectronicClock_v1.a(ErikaOS_ee_gnu_irq_stack.o)
 .debug_info    0x00013172       0xa0 .\CortexM3\ARM_GCC_541\Debug\ElectronicClock_v1.a(ErikaOS_ee_gnu_multi_context.o)
 .debug_info    0x00013212       0x95 .\CortexM3\ARM_GCC_541\Debug\ElectronicClock_v1.a(ErikaOS_ee_gnu_oo.o)
 .debug_info    0x000132a7      0x64d .\CortexM3\ARM_GCC_541\Debug\ElectronicClock_v1.a(CyFlash.o)
 .debug_info    0x000138f4      0x550 .\CortexM3\ARM_GCC_541\Debug\ElectronicClock_v1.a(CySpc.o)
 .debug_info    0x00013e44      0x43d .\CortexM3\ARM_GCC_541\Debug\ElectronicClock_v1.a(ErikaOS_ee_tnterm.o)
 .debug_info    0x00014281      0x487 .\CortexM3\ARM_GCC_541\Debug\ElectronicClock_v1.a(ErikaOS_ee_tstub.o)
 .debug_info    0x00014708      0x501 .\CortexM3\ARM_GCC_541\Debug\ElectronicClock_v1.a(ErikaOS_cortex_mx_ee_context.o)
 .debug_info    0x00014c09      0x6f9 .\CortexM3\ARM_GCC_541\Debug\ElectronicClock_v1.a(ErikaOS_ee_thendin.o)

.debug_abbrev   0x00000000     0x4dae
 *(.debug_abbrev)
 .debug_abbrev  0x00000000      0x396 .\CortexM3\ARM_GCC_541\Debug\swc_clock.o
 .debug_abbrev  0x00000396      0x12c .\CortexM3\ARM_GCC_541\Debug\tsk_cyclic.o
 .debug_abbrev  0x000004c2      0x158 .\CortexM3\ARM_GCC_541\Debug\tsk_event.o
 .debug_abbrev  0x0000061a       0xba .\CortexM3\ARM_GCC_541\Debug\tsk_system.o
 .debug_abbrev  0x000006d4      0x1fc .\CortexM3\ARM_GCC_541\Debug\main.o
 .debug_abbrev  0x000008d0      0x1b0 .\CortexM3\ARM_GCC_541\Debug\statemachine.o
 .debug_abbrev  0x00000a80      0x14a .\CortexM3\ARM_GCC_541\Debug\logging.o
 .debug_abbrev  0x00000bca      0x2e8 .\CortexM3\ARM_GCC_541\Debug\tft.o
 .debug_abbrev  0x00000eb2      0x15c .\CortexM3\ARM_GCC_541\Debug\rte.o
 .debug_abbrev  0x0000100e      0x14a .\CortexM3\ARM_GCC_541\Debug\sc_display_type.o
 .debug_abbrev  0x00001158      0x1a8 .\CortexM3\ARM_GCC_541\Debug\sp_common.o
 .debug_abbrev  0x00001300      0x20d .\CortexM3\ARM_GCC_541\Debug\cyfitter_cfg.o
 .debug_abbrev  0x0000150d       0x77 .\CortexM3\ARM_GCC_541\Debug\cymetadata.o
 .debug_abbrev  0x00001584      0x1e8 .\CortexM3\ARM_GCC_541\Debug\Cm3Start.o
 .debug_abbrev  0x0000176c      0x254 .\CortexM3\ARM_GCC_541\Debug\ElectronicClock_v1.a(CyLib.o)
 .debug_abbrev  0x000019c0      0x1ab .\CortexM3\ARM_GCC_541\Debug\ElectronicClock_v1.a(cyPm.o)
 .debug_abbrev  0x00001b6b      0x284 .\CortexM3\ARM_GCC_541\Debug\ElectronicClock_v1.a(ErikaOS_ee_activate.o)
 .debug_abbrev  0x00001def      0x1f7 .\CortexM3\ARM_GCC_541\Debug\ElectronicClock_v1.a(ErikaOS_ee_alsetrel.o)
 .debug_abbrev  0x00001fe6      0x362 .\CortexM3\ARM_GCC_541\Debug\ElectronicClock_v1.a(ErikaOS_ee_altick.o)
 .debug_abbrev  0x00002348      0x1e0 .\CortexM3\ARM_GCC_541\Debug\ElectronicClock_v1.a(ErikaOS_ee_evclear.o)
 .debug_abbrev  0x00002528      0x150 .\CortexM3\ARM_GCC_541\Debug\ElectronicClock_v1.a(ErikaOS_ee_evget.o)
 .debug_abbrev  0x00002678      0x27f .\CortexM3\ARM_GCC_541\Debug\ElectronicClock_v1.a(ErikaOS_ee_evset.o)
 .debug_abbrev  0x000028f7      0x25d .\CortexM3\ARM_GCC_541\Debug\ElectronicClock_v1.a(ErikaOS_ee_evwait.o)
 .debug_abbrev  0x00002b54      0x1da .\CortexM3\ARM_GCC_541\Debug\ElectronicClock_v1.a(ErikaOS_ee_irqendin.o)
 .debug_abbrev  0x00002d2e       0xcf .\CortexM3\ARM_GCC_541\Debug\ElectronicClock_v1.a(ErikaOS_ee_lookup.o)
 .debug_abbrev  0x00002dfd       0xfc .\CortexM3\ARM_GCC_541\Debug\ElectronicClock_v1.a(ErikaOS_ee_rq_exchg.o)
 .debug_abbrev  0x00002ef9       0xed .\CortexM3\ARM_GCC_541\Debug\ElectronicClock_v1.a(ErikaOS_ee_rq_first.o)
 .debug_abbrev  0x00002fe6      0x109 .\CortexM3\ARM_GCC_541\Debug\ElectronicClock_v1.a(ErikaOS_ee_rq_inser.o)
 .debug_abbrev  0x000030ef      0x4a7 .\CortexM3\ARM_GCC_541\Debug\ElectronicClock_v1.a(ErikaOS_ee_startos.o)
 .debug_abbrev  0x00003596      0x1de .\CortexM3\ARM_GCC_541\Debug\ElectronicClock_v1.a(ErikaOS_ee_terminat.o)
 .debug_abbrev  0x00003774      0x1e3 .\CortexM3\ARM_GCC_541\Debug\ElectronicClock_v1.a(ErikaOS_cortex_mx_ee_utils.o)
 .debug_abbrev  0x00003957       0xcf .\CortexM3\ARM_GCC_541\Debug\ElectronicClock_v1.a(ErikaOS_common_ee_hal_structs.o)
 .debug_abbrev  0x00003a26      0x130 .\CortexM3\ARM_GCC_541\Debug\ElectronicClock_v1.a(ErikaOS_eecfg.o)
 .debug_abbrev  0x00003b56       0x90 .\CortexM3\ARM_GCC_541\Debug\ElectronicClock_v1.a(Pin_ButtonLeft.o)
 .debug_abbrev  0x00003be6       0x90 .\CortexM3\ARM_GCC_541\Debug\ElectronicClock_v1.a(Pin_ButtonRight.o)
 .debug_abbrev  0x00003c76      0x175 .\CortexM3\ARM_GCC_541\Debug\ElectronicClock_v1.a(UART_LOG.o)
 .debug_abbrev  0x00003deb      0x139 .\CortexM3\ARM_GCC_541\Debug\ElectronicClock_v1.a(UART_LOG_IntClock.o)
 .debug_abbrev  0x00003f24      0x146 .\CortexM3\ARM_GCC_541\Debug\ElectronicClock_v1.a(TFT_SPI.o)
 .debug_abbrev  0x0000406a      0x133 .\CortexM3\ARM_GCC_541\Debug\ElectronicClock_v1.a(TFT_BackLight.o)
 .debug_abbrev  0x0000419d       0x90 .\CortexM3\ARM_GCC_541\Debug\ElectronicClock_v1.a(TFT_DC.o)
 .debug_abbrev  0x0000422d       0x90 .\CortexM3\ARM_GCC_541\Debug\ElectronicClock_v1.a(TFT_RES.o)
 .debug_abbrev  0x000042bd      0x139 .\CortexM3\ARM_GCC_541\Debug\ElectronicClock_v1.a(TFT_SPI_IntClock.o)
 .debug_abbrev  0x000043f6       0x14 .\CortexM3\ARM_GCC_541\Debug\ElectronicClock_v1.a(CyBootAsmGnu.o)
 .debug_abbrev  0x0000440a       0x14 .\CortexM3\ARM_GCC_541\Debug\ElectronicClock_v1.a(ErikaOS_ee_gnu_change_context_isr.o)
 .debug_abbrev  0x0000441e       0x14 .\CortexM3\ARM_GCC_541\Debug\ElectronicClock_v1.a(ErikaOS_ee_gnu_irq_stack.o)
 .debug_abbrev  0x00004432       0x14 .\CortexM3\ARM_GCC_541\Debug\ElectronicClock_v1.a(ErikaOS_ee_gnu_multi_context.o)
 .debug_abbrev  0x00004446       0x14 .\CortexM3\ARM_GCC_541\Debug\ElectronicClock_v1.a(ErikaOS_ee_gnu_oo.o)
 .debug_abbrev  0x0000445a      0x1a7 .\CortexM3\ARM_GCC_541\Debug\ElectronicClock_v1.a(CyFlash.o)
 .debug_abbrev  0x00004601      0x194 .\CortexM3\ARM_GCC_541\Debug\ElectronicClock_v1.a(CySpc.o)
 .debug_abbrev  0x00004795      0x157 .\CortexM3\ARM_GCC_541\Debug\ElectronicClock_v1.a(ErikaOS_ee_tnterm.o)
 .debug_abbrev  0x000048ec      0x143 .\CortexM3\ARM_GCC_541\Debug\ElectronicClock_v1.a(ErikaOS_ee_tstub.o)
 .debug_abbrev  0x00004a2f      0x156 .\CortexM3\ARM_GCC_541\Debug\ElectronicClock_v1.a(ErikaOS_cortex_mx_ee_context.o)
 .debug_abbrev  0x00004b85      0x229 .\CortexM3\ARM_GCC_541\Debug\ElectronicClock_v1.a(ErikaOS_ee_thendin.o)

.debug_line     0x00000000     0x716f
 *(.debug_line)
 .debug_line    0x00000000      0x7dc .\CortexM3\ARM_GCC_541\Debug\swc_clock.o
 .debug_line    0x000007dc      0x259 .\CortexM3\ARM_GCC_541\Debug\tsk_cyclic.o
 .debug_line    0x00000a35      0x27e .\CortexM3\ARM_GCC_541\Debug\tsk_event.o
 .debug_line    0x00000cb3      0x210 .\CortexM3\ARM_GCC_541\Debug\tsk_system.o
 .debug_line    0x00000ec3      0x3ff .\CortexM3\ARM_GCC_541\Debug\main.o
 .debug_line    0x000012c2      0x387 .\CortexM3\ARM_GCC_541\Debug\statemachine.o
 .debug_line    0x00001649      0x261 .\CortexM3\ARM_GCC_541\Debug\logging.o
 .debug_line    0x000018aa      0x8bd .\CortexM3\ARM_GCC_541\Debug\tft.o
 .debug_line    0x00002167      0x287 .\CortexM3\ARM_GCC_541\Debug\rte.o
 .debug_line    0x000023ee        0x0 .\CortexM3\ARM_GCC_541\Debug\sc_clock.o
 .debug_line    0x000023ee        0x0 .\CortexM3\ARM_GCC_541\Debug\sc_display.o
 .debug_line    0x000023ee      0x2d6 .\CortexM3\ARM_GCC_541\Debug\sc_display_type.o
 .debug_line    0x000026c4        0x0 .\CortexM3\ARM_GCC_541\Debug\sc_event.o
 .debug_line    0x000026c4      0x380 .\CortexM3\ARM_GCC_541\Debug\sp_common.o
 .debug_line    0x00002a44      0x1f7 .\CortexM3\ARM_GCC_541\Debug\cyfitter_cfg.o
 .debug_line    0x00002c3b      0x141 .\CortexM3\ARM_GCC_541\Debug\cymetadata.o
 .debug_line    0x00002d7c      0x234 .\CortexM3\ARM_GCC_541\Debug\Cm3Start.o
 .debug_line    0x00002fb0      0x816 .\CortexM3\ARM_GCC_541\Debug\ElectronicClock_v1.a(CyLib.o)
 .debug_line    0x000037c6      0x367 .\CortexM3\ARM_GCC_541\Debug\ElectronicClock_v1.a(cyPm.o)
 .debug_line    0x00003b2d      0x1e6 .\CortexM3\ARM_GCC_541\Debug\ElectronicClock_v1.a(ErikaOS_ee_activate.o)
 .debug_line    0x00003d13      0x1bd .\CortexM3\ARM_GCC_541\Debug\ElectronicClock_v1.a(ErikaOS_ee_alsetrel.o)
 .debug_line    0x00003ed0      0x2f1 .\CortexM3\ARM_GCC_541\Debug\ElectronicClock_v1.a(ErikaOS_ee_altick.o)
 .debug_line    0x000041c1      0x1c1 .\CortexM3\ARM_GCC_541\Debug\ElectronicClock_v1.a(ErikaOS_ee_evclear.o)
 .debug_line    0x00004382      0x14b .\CortexM3\ARM_GCC_541\Debug\ElectronicClock_v1.a(ErikaOS_ee_evget.o)
 .debug_line    0x000044cd      0x1e3 .\CortexM3\ARM_GCC_541\Debug\ElectronicClock_v1.a(ErikaOS_ee_evset.o)
 .debug_line    0x000046b0      0x1ef .\CortexM3\ARM_GCC_541\Debug\ElectronicClock_v1.a(ErikaOS_ee_evwait.o)
 .debug_line    0x0000489f      0x190 .\CortexM3\ARM_GCC_541\Debug\ElectronicClock_v1.a(ErikaOS_ee_irqendin.o)
 .debug_line    0x00004a2f      0x10b .\CortexM3\ARM_GCC_541\Debug\ElectronicClock_v1.a(ErikaOS_ee_lookup.o)
 .debug_line    0x00004b3a      0x14b .\CortexM3\ARM_GCC_541\Debug\ElectronicClock_v1.a(ErikaOS_ee_rq_exchg.o)
 .debug_line    0x00004c85      0x142 .\CortexM3\ARM_GCC_541\Debug\ElectronicClock_v1.a(ErikaOS_ee_rq_first.o)
 .debug_line    0x00004dc7      0x146 .\CortexM3\ARM_GCC_541\Debug\ElectronicClock_v1.a(ErikaOS_ee_rq_inser.o)
 .debug_line    0x00004f0d      0x3e8 .\CortexM3\ARM_GCC_541\Debug\ElectronicClock_v1.a(ErikaOS_ee_startos.o)
 .debug_line    0x000052f5      0x1ac .\CortexM3\ARM_GCC_541\Debug\ElectronicClock_v1.a(ErikaOS_ee_terminat.o)
 .debug_line    0x000054a1      0x174 .\CortexM3\ARM_GCC_541\Debug\ElectronicClock_v1.a(ErikaOS_cortex_mx_ee_utils.o)
 .debug_line    0x00005615       0xed .\CortexM3\ARM_GCC_541\Debug\ElectronicClock_v1.a(ErikaOS_common_ee_hal_structs.o)
 .debug_line    0x00005702      0x12c .\CortexM3\ARM_GCC_541\Debug\ElectronicClock_v1.a(ErikaOS_eecfg.o)
 .debug_line    0x0000582e       0x9b .\CortexM3\ARM_GCC_541\Debug\ElectronicClock_v1.a(Pin_ButtonLeft.o)
 .debug_line    0x000058c9       0x9c .\CortexM3\ARM_GCC_541\Debug\ElectronicClock_v1.a(Pin_ButtonRight.o)
 .debug_line    0x00005965      0x2c4 .\CortexM3\ARM_GCC_541\Debug\ElectronicClock_v1.a(UART_LOG.o)
 .debug_line    0x00005c29      0x180 .\CortexM3\ARM_GCC_541\Debug\ElectronicClock_v1.a(UART_LOG_IntClock.o)
 .debug_line    0x00005da9      0x249 .\CortexM3\ARM_GCC_541\Debug\ElectronicClock_v1.a(TFT_SPI.o)
 .debug_line    0x00005ff2      0x18d .\CortexM3\ARM_GCC_541\Debug\ElectronicClock_v1.a(TFT_BackLight.o)
 .debug_line    0x0000617f       0x93 .\CortexM3\ARM_GCC_541\Debug\ElectronicClock_v1.a(TFT_DC.o)
 .debug_line    0x00006212       0x94 .\CortexM3\ARM_GCC_541\Debug\ElectronicClock_v1.a(TFT_RES.o)
 .debug_line    0x000062a6      0x17f .\CortexM3\ARM_GCC_541\Debug\ElectronicClock_v1.a(TFT_SPI_IntClock.o)
 .debug_line    0x00006425       0x66 .\CortexM3\ARM_GCC_541\Debug\ElectronicClock_v1.a(CyBootAsmGnu.o)
 .debug_line    0x0000648b       0xac .\CortexM3\ARM_GCC_541\Debug\ElectronicClock_v1.a(ErikaOS_ee_gnu_change_context_isr.o)
 .debug_line    0x00006537       0x72 .\CortexM3\ARM_GCC_541\Debug\ElectronicClock_v1.a(ErikaOS_ee_gnu_irq_stack.o)
 .debug_line    0x000065a9       0x9b .\CortexM3\ARM_GCC_541\Debug\ElectronicClock_v1.a(ErikaOS_ee_gnu_multi_context.o)
 .debug_line    0x00006644       0x97 .\CortexM3\ARM_GCC_541\Debug\ElectronicClock_v1.a(ErikaOS_ee_gnu_oo.o)
 .debug_line    0x000066db      0x21a .\CortexM3\ARM_GCC_541\Debug\ElectronicClock_v1.a(CyFlash.o)
 .debug_line    0x000068f5      0x260 .\CortexM3\ARM_GCC_541\Debug\ElectronicClock_v1.a(CySpc.o)
 .debug_line    0x00006b55      0x169 .\CortexM3\ARM_GCC_541\Debug\ElectronicClock_v1.a(ErikaOS_ee_tnterm.o)
 .debug_line    0x00006cbe      0x160 .\CortexM3\ARM_GCC_541\Debug\ElectronicClock_v1.a(ErikaOS_ee_tstub.o)
 .debug_line    0x00006e1e      0x19a .\CortexM3\ARM_GCC_541\Debug\ElectronicClock_v1.a(ErikaOS_cortex_mx_ee_context.o)
 .debug_line    0x00006fb8      0x1b7 .\CortexM3\ARM_GCC_541\Debug\ElectronicClock_v1.a(ErikaOS_ee_thendin.o)

.debug_frame    0x00000000     0x2a40
 *(.debug_frame)
 .debug_frame   0x00000000      0x294 .\CortexM3\ARM_GCC_541\Debug\swc_clock.o
 .debug_frame   0x00000294       0x2c .\CortexM3\ARM_GCC_541\Debug\tsk_cyclic.o
 .debug_frame   0x000002c0       0x2c .\CortexM3\ARM_GCC_541\Debug\tsk_event.o
 .debug_frame   0x000002ec       0x2c .\CortexM3\ARM_GCC_541\Debug\tsk_system.o
 .debug_frame   0x00000318       0xb4 .\CortexM3\ARM_GCC_541\Debug\main.o
 .debug_frame   0x000003cc       0xa0 .\CortexM3\ARM_GCC_541\Debug\statemachine.o
 .debug_frame   0x0000046c       0x48 .\CortexM3\ARM_GCC_541\Debug\logging.o
 .debug_frame   0x000004b4      0x5bc .\CortexM3\ARM_GCC_541\Debug\tft.o
 .debug_frame   0x00000a70       0x60 .\CortexM3\ARM_GCC_541\Debug\rte.o
 .debug_frame   0x00000ad0       0x34 .\CortexM3\ARM_GCC_541\Debug\sc_display_type.o
 .debug_frame   0x00000b04       0x20 .\CortexM3\ARM_GCC_541\Debug\sp_common.o
 .debug_frame   0x00000b24       0xe4 .\CortexM3\ARM_GCC_541\Debug\cyfitter_cfg.o
 .debug_frame   0x00000c08       0xb8 .\CortexM3\ARM_GCC_541\Debug\Cm3Start.o
 .debug_frame   0x00000cc0      0x738 .\CortexM3\ARM_GCC_541\Debug\ElectronicClock_v1.a(CyLib.o)
 .debug_frame   0x000013f8      0x1f8 .\CortexM3\ARM_GCC_541\Debug\ElectronicClock_v1.a(cyPm.o)
 .debug_frame   0x000015f0       0x30 .\CortexM3\ARM_GCC_541\Debug\ElectronicClock_v1.a(ErikaOS_ee_activate.o)
 .debug_frame   0x00001620       0x38 .\CortexM3\ARM_GCC_541\Debug\ElectronicClock_v1.a(ErikaOS_ee_alsetrel.o)
 .debug_frame   0x00001658      0x10c .\CortexM3\ARM_GCC_541\Debug\ElectronicClock_v1.a(ErikaOS_ee_altick.o)
 .debug_frame   0x00001764       0x38 .\CortexM3\ARM_GCC_541\Debug\ElectronicClock_v1.a(ErikaOS_ee_evclear.o)
 .debug_frame   0x0000179c       0x20 .\CortexM3\ARM_GCC_541\Debug\ElectronicClock_v1.a(ErikaOS_ee_evget.o)
 .debug_frame   0x000017bc       0x30 .\CortexM3\ARM_GCC_541\Debug\ElectronicClock_v1.a(ErikaOS_ee_evset.o)
 .debug_frame   0x000017ec       0x30 .\CortexM3\ARM_GCC_541\Debug\ElectronicClock_v1.a(ErikaOS_ee_evwait.o)
 .debug_frame   0x0000181c       0x58 .\CortexM3\ARM_GCC_541\Debug\ElectronicClock_v1.a(ErikaOS_ee_irqendin.o)
 .debug_frame   0x00001874       0x3c .\CortexM3\ARM_GCC_541\Debug\ElectronicClock_v1.a(ErikaOS_ee_rq_exchg.o)
 .debug_frame   0x000018b0       0x20 .\CortexM3\ARM_GCC_541\Debug\ElectronicClock_v1.a(ErikaOS_ee_rq_first.o)
 .debug_frame   0x000018d0       0x30 .\CortexM3\ARM_GCC_541\Debug\ElectronicClock_v1.a(ErikaOS_ee_rq_inser.o)
 .debug_frame   0x00001900       0x90 .\CortexM3\ARM_GCC_541\Debug\ElectronicClock_v1.a(ErikaOS_ee_startos.o)
 .debug_frame   0x00001990       0x2c .\CortexM3\ARM_GCC_541\Debug\ElectronicClock_v1.a(ErikaOS_ee_terminat.o)
 .debug_frame   0x000019bc       0x30 .\CortexM3\ARM_GCC_541\Debug\ElectronicClock_v1.a(ErikaOS_cortex_mx_ee_utils.o)
 .debug_frame   0x000019ec       0x50 .\CortexM3\ARM_GCC_541\Debug\ElectronicClock_v1.a(Pin_ButtonLeft.o)
 .debug_frame   0x00001a3c       0x50 .\CortexM3\ARM_GCC_541\Debug\ElectronicClock_v1.a(Pin_ButtonRight.o)
 .debug_frame   0x00001a8c      0x250 .\CortexM3\ARM_GCC_541\Debug\ElectronicClock_v1.a(UART_LOG.o)
 .debug_frame   0x00001cdc       0xe0 .\CortexM3\ARM_GCC_541\Debug\ElectronicClock_v1.a(UART_LOG_IntClock.o)
 .debug_frame   0x00001dbc      0x1e8 .\CortexM3\ARM_GCC_541\Debug\ElectronicClock_v1.a(TFT_SPI.o)
 .debug_frame   0x00001fa4      0x134 .\CortexM3\ARM_GCC_541\Debug\ElectronicClock_v1.a(TFT_BackLight.o)
 .debug_frame   0x000020d8       0x50 .\CortexM3\ARM_GCC_541\Debug\ElectronicClock_v1.a(TFT_DC.o)
 .debug_frame   0x00002128       0x50 .\CortexM3\ARM_GCC_541\Debug\ElectronicClock_v1.a(TFT_RES.o)
 .debug_frame   0x00002178       0xe0 .\CortexM3\ARM_GCC_541\Debug\ElectronicClock_v1.a(TFT_SPI_IntClock.o)
 .debug_frame   0x00002258      0x194 .\CortexM3\ARM_GCC_541\Debug\ElectronicClock_v1.a(CyFlash.o)
 .debug_frame   0x000023ec      0x180 .\CortexM3\ARM_GCC_541\Debug\ElectronicClock_v1.a(CySpc.o)
 .debug_frame   0x0000256c       0x2c .\CortexM3\ARM_GCC_541\Debug\ElectronicClock_v1.a(ErikaOS_ee_tnterm.o)
 .debug_frame   0x00002598       0x2c .\CortexM3\ARM_GCC_541\Debug\ElectronicClock_v1.a(ErikaOS_ee_tstub.o)
 .debug_frame   0x000025c4       0x3c .\CortexM3\ARM_GCC_541\Debug\ElectronicClock_v1.a(ErikaOS_cortex_mx_ee_context.o)
 .debug_frame   0x00002600       0x5c .\CortexM3\ARM_GCC_541\Debug\ElectronicClock_v1.a(ErikaOS_ee_thendin.o)
 .debug_frame   0x0000265c       0x20 c:/program files (x86)/cypress/psoc creator/4.4/psoc creator/import/gnu/arm/5.4.1/bin/../lib/gcc/arm-none-eabi/5.4.1/../../../../arm-none-eabi/lib/armv7-m\libg_nano.a(lib_a-errno.o)
 .debug_frame   0x0000267c       0x28 c:/program files (x86)/cypress/psoc creator/4.4/psoc creator/import/gnu/arm/5.4.1/bin/../lib/gcc/arm-none-eabi/5.4.1/../../../../arm-none-eabi/lib/armv7-m\libg_nano.a(lib_a-exit.o)
 .debug_frame   0x000026a4       0x2c c:/program files (x86)/cypress/psoc creator/4.4/psoc creator/import/gnu/arm/5.4.1/bin/../lib/gcc/arm-none-eabi/5.4.1/../../../../arm-none-eabi/lib/armv7-m\libg_nano.a(lib_a-init.o)
 .debug_frame   0x000026d0       0x28 c:/program files (x86)/cypress/psoc creator/4.4/psoc creator/import/gnu/arm/5.4.1/bin/../lib/gcc/arm-none-eabi/5.4.1/../../../../arm-none-eabi/lib/armv7-m\libg_nano.a(lib_a-memcpy-stub.o)
 .debug_frame   0x000026f8       0x20 c:/program files (x86)/cypress/psoc creator/4.4/psoc creator/import/gnu/arm/5.4.1/bin/../lib/gcc/arm-none-eabi/5.4.1/../../../../arm-none-eabi/lib/armv7-m\libg_nano.a(lib_a-memset.o)
 .debug_frame   0x00002718       0x70 c:/program files (x86)/cypress/psoc creator/4.4/psoc creator/import/gnu/arm/5.4.1/bin/../lib/gcc/arm-none-eabi/5.4.1/../../../../arm-none-eabi/lib/armv7-m\libg_nano.a(lib_a-sprintf.o)
 .debug_frame   0x00002788       0x90 c:/program files (x86)/cypress/psoc creator/4.4/psoc creator/import/gnu/arm/5.4.1/bin/../lib/gcc/arm-none-eabi/5.4.1/../../../../arm-none-eabi/lib/armv7-m\libg_nano.a(lib_a-nano-svfprintf.o)
 .debug_frame   0x00002818       0x60 c:/program files (x86)/cypress/psoc creator/4.4/psoc creator/import/gnu/arm/5.4.1/bin/../lib/gcc/arm-none-eabi/5.4.1/../../../../arm-none-eabi/lib/armv7-m\libg_nano.a(lib_a-nano-vfprintf_i.o)
 .debug_frame   0x00002878       0x28 c:/program files (x86)/cypress/psoc creator/4.4/psoc creator/import/gnu/arm/5.4.1/bin/../lib/gcc/arm-none-eabi/5.4.1/../../../../arm-none-eabi/lib/armv7-m\libg_nano.a(lib_a-memchr-stub.o)
 .debug_frame   0x000028a0       0x28 c:/program files (x86)/cypress/psoc creator/4.4/psoc creator/import/gnu/arm/5.4.1/bin/../lib/gcc/arm-none-eabi/5.4.1/../../../../arm-none-eabi/lib/armv7-m\libg_nano.a(lib_a-memmove.o)
 .debug_frame   0x000028c8       0x38 c:/program files (x86)/cypress/psoc creator/4.4/psoc creator/import/gnu/arm/5.4.1/bin/../lib/gcc/arm-none-eabi/5.4.1/../../../../arm-none-eabi/lib/armv7-m\libg_nano.a(lib_a-nano-freer.o)
 .debug_frame   0x00002900       0x2c c:/program files (x86)/cypress/psoc creator/4.4/psoc creator/import/gnu/arm/5.4.1/bin/../lib/gcc/arm-none-eabi/5.4.1/../../../../arm-none-eabi/lib/armv7-m\libg_nano.a(lib_a-nano-mallocr.o)
 .debug_frame   0x0000292c       0x3c c:/program files (x86)/cypress/psoc creator/4.4/psoc creator/import/gnu/arm/5.4.1/bin/../lib/gcc/arm-none-eabi/5.4.1/../../../../arm-none-eabi/lib/armv7-m\libg_nano.a(lib_a-nano-reallocr.o)
 .debug_frame   0x00002968       0x2c c:/program files (x86)/cypress/psoc creator/4.4/psoc creator/import/gnu/arm/5.4.1/bin/../lib/gcc/arm-none-eabi/5.4.1/../../../../arm-none-eabi/lib/armv7-m\libg_nano.a(lib_a-sbrkr.o)
 .debug_frame   0x00002994       0x30 c:/program files (x86)/cypress/psoc creator/4.4/psoc creator/import/gnu/arm/5.4.1/bin/../lib/gcc/arm-none-eabi/5.4.1/../../../../arm-none-eabi/lib/armv7-m\libg_nano.a(lib_a-mlock.o)
 .debug_frame   0x000029c4       0x20 c:/program files (x86)/cypress/psoc creator/4.4/psoc creator/import/gnu/arm/5.4.1/bin/../lib/gcc/arm-none-eabi/5.4.1/../../../../arm-none-eabi/lib/armv7-m\libg_nano.a(lib_a-nano-msizer.o)
 .debug_frame   0x000029e4       0x5c c:/program files (x86)/cypress/psoc creator/4.4/psoc creator/import/gnu/arm/5.4.1/bin/../lib/gcc/arm-none-eabi/5.4.1/../../../../arm-none-eabi/lib/armv7-m\libg_nano.a(lib_a-reent.o)

.debug_str      0x00000000     0x50d3
 *(.debug_str)
 .debug_str     0x00000000      0xfe0 .\CortexM3\ARM_GCC_541\Debug\swc_clock.o
                               0x10a4 (size before relaxing)
 .debug_str     0x00000fe0       0xbb .\CortexM3\ARM_GCC_541\Debug\tsk_cyclic.o
                                0x331 (size before relaxing)
 .debug_str     0x0000109b       0xc2 .\CortexM3\ARM_GCC_541\Debug\tsk_event.o
                                0x338 (size before relaxing)
 .debug_str     0x0000115d       0x44 .\CortexM3\ARM_GCC_541\Debug\tsk_system.o
                                0x27a (size before relaxing)
 .debug_str     0x000011a1      0x14c .\CortexM3\ARM_GCC_541\Debug\main.o
                                0x549 (size before relaxing)
 .debug_str     0x000012ed       0xfe .\CortexM3\ARM_GCC_541\Debug\statemachine.o
                                0x6fe (size before relaxing)
 .debug_str     0x000013eb       0xa3 .\CortexM3\ARM_GCC_541\Debug\logging.o
                                0x4df (size before relaxing)
 .debug_str     0x0000148e      0x754 .\CortexM3\ARM_GCC_541\Debug\tft.o
                                0xd1d (size before relaxing)
 .debug_str     0x00001be2       0x1b .\CortexM3\ARM_GCC_541\Debug\rte.o
                                0x4c2 (size before relaxing)
 .debug_str     0x00001bfd       0x16 .\CortexM3\ARM_GCC_541\Debug\sc_clock.o
                                 0xe6 (size before relaxing)
 .debug_str     0x00001c13       0x18 .\CortexM3\ARM_GCC_541\Debug\sc_display.o
                                 0xe8 (size before relaxing)
 .debug_str     0x00001c2b       0x42 .\CortexM3\ARM_GCC_541\Debug\sc_display_type.o
                                0x4b9 (size before relaxing)
 .debug_str     0x00001c6d       0x16 .\CortexM3\ARM_GCC_541\Debug\sc_event.o
                                 0xe6 (size before relaxing)
 .debug_str     0x00001c83       0x9a .\CortexM3\ARM_GCC_541\Debug\sp_common.o
                                0xa81 (size before relaxing)
 .debug_str     0x00001d1d      0x1a2 .\CortexM3\ARM_GCC_541\Debug\cyfitter_cfg.o
                                0x344 (size before relaxing)
 .debug_str     0x00001ebf       0x75 .\CortexM3\ARM_GCC_541\Debug\cymetadata.o
                                0x1e4 (size before relaxing)
 .debug_str     0x00001f34      0x13f .\CortexM3\ARM_GCC_541\Debug\Cm3Start.o
                                0x30a (size before relaxing)
 .debug_str     0x00002073      0x822 .\CortexM3\ARM_GCC_541\Debug\ElectronicClock_v1.a(CyLib.o)
                                0xa47 (size before relaxing)
 .debug_str     0x00002895      0x365 .\CortexM3\ARM_GCC_541\Debug\ElectronicClock_v1.a(cyPm.o)
                                0x733 (size before relaxing)
 .debug_str     0x00002bfa      0x5af .\CortexM3\ARM_GCC_541\Debug\ElectronicClock_v1.a(ErikaOS_ee_activate.o)
                                0x805 (size before relaxing)
 .debug_str     0x000031a9       0x97 .\CortexM3\ARM_GCC_541\Debug\ElectronicClock_v1.a(ErikaOS_ee_alsetrel.o)
                                0x5fd (size before relaxing)
 .debug_str     0x00003240      0x230 .\CortexM3\ARM_GCC_541\Debug\ElectronicClock_v1.a(ErikaOS_ee_altick.o)
                                0xa60 (size before relaxing)
 .debug_str     0x00003470       0x2c .\CortexM3\ARM_GCC_541\Debug\ElectronicClock_v1.a(ErikaOS_ee_evclear.o)
                                0x5dd (size before relaxing)
 .debug_str     0x0000349c       0x5b .\CortexM3\ARM_GCC_541\Debug\ElectronicClock_v1.a(ErikaOS_ee_evget.o)
                                0x54d (size before relaxing)
 .debug_str     0x000034f7       0x2a .\CortexM3\ARM_GCC_541\Debug\ElectronicClock_v1.a(ErikaOS_ee_evset.o)
                                0x7dd (size before relaxing)
 .debug_str     0x00003521       0x8d .\CortexM3\ARM_GCC_541\Debug\ElectronicClock_v1.a(ErikaOS_ee_evwait.o)
                                0x821 (size before relaxing)
 .debug_str     0x000035ae       0xc8 .\CortexM3\ARM_GCC_541\Debug\ElectronicClock_v1.a(ErikaOS_ee_irqendin.o)
                                0x6ba (size before relaxing)
 .debug_str     0x00003676       0x2b .\CortexM3\ARM_GCC_541\Debug\ElectronicClock_v1.a(ErikaOS_ee_lookup.o)
                                0x489 (size before relaxing)
 .debug_str     0x000036a1       0x8a .\CortexM3\ARM_GCC_541\Debug\ElectronicClock_v1.a(ErikaOS_ee_rq_exchg.o)
                                0x4fb (size before relaxing)
 .debug_str     0x0000372b       0x2d .\CortexM3\ARM_GCC_541\Debug\ElectronicClock_v1.a(ErikaOS_ee_rq_first.o)
                                0x4c6 (size before relaxing)
 .debug_str     0x00003758       0x38 .\CortexM3\ARM_GCC_541\Debug\ElectronicClock_v1.a(ErikaOS_ee_rq_inser.o)
                                0x500 (size before relaxing)
 .debug_str     0x00003790      0x8a1 .\CortexM3\ARM_GCC_541\Debug\ElectronicClock_v1.a(ErikaOS_ee_startos.o)
                               0x172c (size before relaxing)
 .debug_str     0x00004031       0x5b .\CortexM3\ARM_GCC_541\Debug\ElectronicClock_v1.a(ErikaOS_ee_terminat.o)
                                0x5ea (size before relaxing)
 .debug_str     0x0000408c       0x71 .\CortexM3\ARM_GCC_541\Debug\ElectronicClock_v1.a(ErikaOS_cortex_mx_ee_utils.o)
                                0x558 (size before relaxing)
 .debug_str     0x000040fd       0x37 .\CortexM3\ARM_GCC_541\Debug\ElectronicClock_v1.a(ErikaOS_common_ee_hal_structs.o)
                                0x495 (size before relaxing)
 .debug_str     0x00004134      0x188 .\CortexM3\ARM_GCC_541\Debug\ElectronicClock_v1.a(ErikaOS_eecfg.o)
                                0x7ce (size before relaxing)
 .debug_str     0x000042bc       0x7f .\CortexM3\ARM_GCC_541\Debug\ElectronicClock_v1.a(Pin_ButtonLeft.o)
                                0x20f (size before relaxing)
 .debug_str     0x0000433b       0x78 .\CortexM3\ARM_GCC_541\Debug\ElectronicClock_v1.a(Pin_ButtonRight.o)
                                0x214 (size before relaxing)
 .debug_str     0x000043b3      0x2f0 .\CortexM3\ARM_GCC_541\Debug\ElectronicClock_v1.a(UART_LOG.o)
                                0x4f1 (size before relaxing)
 .debug_str     0x000046a3      0x1ab .\CortexM3\ARM_GCC_541\Debug\ElectronicClock_v1.a(UART_LOG_IntClock.o)
                                0x366 (size before relaxing)
 .debug_str     0x0000484e      0x249 .\CortexM3\ARM_GCC_541\Debug\ElectronicClock_v1.a(TFT_SPI.o)
                                0x466 (size before relaxing)
 .debug_str     0x00004a97      0x1d7 .\CortexM3\ARM_GCC_541\Debug\ElectronicClock_v1.a(TFT_BackLight.o)
                                0x3e9 (size before relaxing)
 .debug_str     0x00004c6e       0x53 .\CortexM3\ARM_GCC_541\Debug\ElectronicClock_v1.a(TFT_DC.o)
                                0x1e7 (size before relaxing)
 .debug_str     0x00004cc1       0x57 .\CortexM3\ARM_GCC_541\Debug\ElectronicClock_v1.a(TFT_RES.o)
                                0x1ec (size before relaxing)
 .debug_str     0x00004d18      0x156 .\CortexM3\ARM_GCC_541\Debug\ElectronicClock_v1.a(TFT_SPI_IntClock.o)
                                0x35a (size before relaxing)
 .debug_str     0x00004e6e       0x65 .\CortexM3\ARM_GCC_541\Debug\ElectronicClock_v1.a(CyFlash.o)
                                0x3c0 (size before relaxing)
 .debug_str     0x00004ed3       0x64 .\CortexM3\ARM_GCC_541\Debug\ElectronicClock_v1.a(CySpc.o)
                                0x338 (size before relaxing)
 .debug_str     0x00004f37       0x56 .\CortexM3\ARM_GCC_541\Debug\ElectronicClock_v1.a(ErikaOS_ee_tnterm.o)
                                0x4fc (size before relaxing)
 .debug_str     0x00004f8d       0x55 .\CortexM3\ARM_GCC_541\Debug\ElectronicClock_v1.a(ErikaOS_ee_tstub.o)
                                0x5d3 (size before relaxing)
 .debug_str     0x00004fe2       0x8a .\CortexM3\ARM_GCC_541\Debug\ElectronicClock_v1.a(ErikaOS_cortex_mx_ee_context.o)
                                0x58a (size before relaxing)
 .debug_str     0x0000506c       0x67 .\CortexM3\ARM_GCC_541\Debug\ElectronicClock_v1.a(ErikaOS_ee_thendin.o)
                                0x750 (size before relaxing)

.debug_loc      0x00000000     0x5857
 *(.debug_loc)
 .debug_loc     0x00000000      0x5c6 .\CortexM3\ARM_GCC_541\Debug\swc_clock.o
 .debug_loc     0x000005c6       0xa8 .\CortexM3\ARM_GCC_541\Debug\main.o
 .debug_loc     0x0000066e      0x492 .\CortexM3\ARM_GCC_541\Debug\statemachine.o
 .debug_loc     0x00000b00       0x4d .\CortexM3\ARM_GCC_541\Debug\logging.o
 .debug_loc     0x00000b4d     0x196f .\CortexM3\ARM_GCC_541\Debug\tft.o
 .debug_loc     0x000024bc      0x10e .\CortexM3\ARM_GCC_541\Debug\rte.o
 .debug_loc     0x000025ca       0x2c .\CortexM3\ARM_GCC_541\Debug\sc_display_type.o
 .debug_loc     0x000025f6       0xb0 .\CortexM3\ARM_GCC_541\Debug\sp_common.o
 .debug_loc     0x000026a6      0x289 .\CortexM3\ARM_GCC_541\Debug\cyfitter_cfg.o
 .debug_loc     0x0000292f      0x144 .\CortexM3\ARM_GCC_541\Debug\Cm3Start.o
 .debug_loc     0x00002a73      0xa11 .\CortexM3\ARM_GCC_541\Debug\ElectronicClock_v1.a(CyLib.o)
 .debug_loc     0x00003484      0x1e4 .\CortexM3\ARM_GCC_541\Debug\ElectronicClock_v1.a(cyPm.o)
 .debug_loc     0x00003668      0x12d .\CortexM3\ARM_GCC_541\Debug\ElectronicClock_v1.a(ErikaOS_ee_activate.o)
 .debug_loc     0x00003795      0x1e0 .\CortexM3\ARM_GCC_541\Debug\ElectronicClock_v1.a(ErikaOS_ee_alsetrel.o)
 .debug_loc     0x00003975      0x46c .\CortexM3\ARM_GCC_541\Debug\ElectronicClock_v1.a(ErikaOS_ee_altick.o)
 .debug_loc     0x00003de1       0xbc .\CortexM3\ARM_GCC_541\Debug\ElectronicClock_v1.a(ErikaOS_ee_evclear.o)
 .debug_loc     0x00003e9d       0xa4 .\CortexM3\ARM_GCC_541\Debug\ElectronicClock_v1.a(ErikaOS_ee_evget.o)
 .debug_loc     0x00003f41      0x16b .\CortexM3\ARM_GCC_541\Debug\ElectronicClock_v1.a(ErikaOS_ee_evset.o)
 .debug_loc     0x000040ac      0x13f .\CortexM3\ARM_GCC_541\Debug\ElectronicClock_v1.a(ErikaOS_ee_evwait.o)
 .debug_loc     0x000041eb       0x62 .\CortexM3\ARM_GCC_541\Debug\ElectronicClock_v1.a(ErikaOS_ee_irqendin.o)
 .debug_loc     0x0000424d       0x4a .\CortexM3\ARM_GCC_541\Debug\ElectronicClock_v1.a(ErikaOS_ee_rq_exchg.o)
 .debug_loc     0x00004297       0x36 .\CortexM3\ARM_GCC_541\Debug\ElectronicClock_v1.a(ErikaOS_ee_rq_first.o)
 .debug_loc     0x000042cd       0x1e .\CortexM3\ARM_GCC_541\Debug\ElectronicClock_v1.a(ErikaOS_ee_rq_inser.o)
 .debug_loc     0x000042eb      0x1d8 .\CortexM3\ARM_GCC_541\Debug\ElectronicClock_v1.a(ErikaOS_ee_startos.o)
 .debug_loc     0x000044c3       0x50 .\CortexM3\ARM_GCC_541\Debug\ElectronicClock_v1.a(ErikaOS_ee_terminat.o)
 .debug_loc     0x00004513       0x13 .\CortexM3\ARM_GCC_541\Debug\ElectronicClock_v1.a(ErikaOS_cortex_mx_ee_utils.o)
 .debug_loc     0x00004526       0x42 .\CortexM3\ARM_GCC_541\Debug\ElectronicClock_v1.a(Pin_ButtonLeft.o)
 .debug_loc     0x00004568       0x42 .\CortexM3\ARM_GCC_541\Debug\ElectronicClock_v1.a(Pin_ButtonRight.o)
 .debug_loc     0x000045aa      0x258 .\CortexM3\ARM_GCC_541\Debug\ElectronicClock_v1.a(UART_LOG.o)
 .debug_loc     0x00004802      0x128 .\CortexM3\ARM_GCC_541\Debug\ElectronicClock_v1.a(UART_LOG_IntClock.o)
 .debug_loc     0x0000492a       0xfe .\CortexM3\ARM_GCC_541\Debug\ElectronicClock_v1.a(TFT_SPI.o)
 .debug_loc     0x00004a28       0x26 .\CortexM3\ARM_GCC_541\Debug\ElectronicClock_v1.a(TFT_BackLight.o)
 .debug_loc     0x00004a4e       0x42 .\CortexM3\ARM_GCC_541\Debug\ElectronicClock_v1.a(TFT_DC.o)
 .debug_loc     0x00004a90       0x42 .\CortexM3\ARM_GCC_541\Debug\ElectronicClock_v1.a(TFT_RES.o)